Component: ARM Compiler 5.05 update 1 (build 106) Tool: armlink [4d0efa]

==============================================================================

Section Cross References

    stm32f0xx_hal_tim.o(i.HAL_TIM_Base_DeInit) refers to stm32f0xx_hal_msp.o(i.HAL_TIM_Base_MspDeInit) for HAL_TIM_Base_MspDeInit
    stm32f0xx_hal_tim.o(i.HAL_TIM_Base_Init) refers to stm32f0xx_hal_msp.o(i.HAL_TIM_Base_MspInit) for HAL_TIM_Base_MspInit
    stm32f0xx_hal_tim.o(i.HAL_TIM_Base_Init) refers to stm32f0xx_hal_tim.o(i.TIM_Base_SetConfig) for TIM_Base_SetConfig
    stm32f0xx_hal_tim.o(i.HAL_TIM_Base_Start_DMA) refers to stm32f0xx_hal_dma.o(i.HAL_DMA_Start_IT) for HAL_DMA_Start_IT
    stm32f0xx_hal_tim.o(i.HAL_TIM_Base_Start_DMA) refers to stm32f0xx_hal_tim.o(i.TIM_DMAPeriodElapsedCplt) for TIM_DMAPeriodElapsedCplt
    stm32f0xx_hal_tim.o(i.HAL_TIM_Base_Start_DMA) refers to stm32f0xx_hal_tim.o(i.TIM_DMAError) for TIM_DMAError
    stm32f0xx_hal_tim.o(i.HAL_TIM_ConfigClockSource) refers to stm32f0xx_hal_tim.o(i.TIM_ETR_SetConfig) for TIM_ETR_SetConfig
    stm32f0xx_hal_tim.o(i.HAL_TIM_ConfigClockSource) refers to stm32f0xx_hal_tim.o(i.TIM_TI1_ConfigInputStage) for TIM_TI1_ConfigInputStage
    stm32f0xx_hal_tim.o(i.HAL_TIM_ConfigClockSource) refers to stm32f0xx_hal_tim.o(i.TIM_ITRx_SetConfig) for TIM_ITRx_SetConfig
    stm32f0xx_hal_tim.o(i.HAL_TIM_ConfigClockSource) refers to stm32f0xx_hal_tim.o(i.TIM_TI2_ConfigInputStage) for TIM_TI2_ConfigInputStage
    stm32f0xx_hal_tim.o(i.HAL_TIM_ConfigOCrefClear) refers to stm32f0xx_hal_tim.o(i.TIM_ETR_SetConfig) for TIM_ETR_SetConfig
    stm32f0xx_hal_tim.o(i.HAL_TIM_DMABurst_ReadStart) refers to stm32f0xx_hal_dma.o(i.HAL_DMA_Start_IT) for HAL_DMA_Start_IT
    stm32f0xx_hal_tim.o(i.HAL_TIM_DMABurst_ReadStart) refers to stm32f0xx_hal_tim.o(i.TIM_DMAPeriodElapsedCplt) for TIM_DMAPeriodElapsedCplt
    stm32f0xx_hal_tim.o(i.HAL_TIM_DMABurst_ReadStart) refers to stm32f0xx_hal_tim.o(i.TIM_DMAError) for TIM_DMAError
    stm32f0xx_hal_tim.o(i.HAL_TIM_DMABurst_ReadStart) refers to stm32f0xx_hal_tim.o(i.TIM_DMACaptureCplt) for TIM_DMACaptureCplt
    stm32f0xx_hal_tim.o(i.HAL_TIM_DMABurst_ReadStart) refers to stm32f0xx_hal_tim_ex.o(i.TIMEx_DMACommutationCplt) for TIMEx_DMACommutationCplt
    stm32f0xx_hal_tim.o(i.HAL_TIM_DMABurst_ReadStart) refers to stm32f0xx_hal_tim.o(i.TIM_DMATriggerCplt) for TIM_DMATriggerCplt
    stm32f0xx_hal_tim.o(i.HAL_TIM_DMABurst_ReadStop) refers to stm32f0xx_hal_dma.o(i.HAL_DMA_Abort) for HAL_DMA_Abort
    stm32f0xx_hal_tim.o(i.HAL_TIM_DMABurst_WriteStart) refers to stm32f0xx_hal_dma.o(i.HAL_DMA_Start_IT) for HAL_DMA_Start_IT
    stm32f0xx_hal_tim.o(i.HAL_TIM_DMABurst_WriteStart) refers to stm32f0xx_hal_tim.o(i.TIM_DMAPeriodElapsedCplt) for TIM_DMAPeriodElapsedCplt
    stm32f0xx_hal_tim.o(i.HAL_TIM_DMABurst_WriteStart) refers to stm32f0xx_hal_tim.o(i.TIM_DMAError) for TIM_DMAError
    stm32f0xx_hal_tim.o(i.HAL_TIM_DMABurst_WriteStart) refers to stm32f0xx_hal_tim.o(i.TIM_DMADelayPulseCplt) for TIM_DMADelayPulseCplt
    stm32f0xx_hal_tim.o(i.HAL_TIM_DMABurst_WriteStart) refers to stm32f0xx_hal_tim_ex.o(i.TIMEx_DMACommutationCplt) for TIMEx_DMACommutationCplt
    stm32f0xx_hal_tim.o(i.HAL_TIM_DMABurst_WriteStart) refers to stm32f0xx_hal_tim.o(i.TIM_DMATriggerCplt) for TIM_DMATriggerCplt
    stm32f0xx_hal_tim.o(i.HAL_TIM_DMABurst_WriteStop) refers to stm32f0xx_hal_dma.o(i.HAL_DMA_Abort) for HAL_DMA_Abort
    stm32f0xx_hal_tim.o(i.HAL_TIM_Encoder_DeInit) refers to stm32f0xx_hal_tim.o(i.HAL_TIM_Encoder_MspDeInit) for HAL_TIM_Encoder_MspDeInit
    stm32f0xx_hal_tim.o(i.HAL_TIM_Encoder_Init) refers to stm32f0xx_hal_tim.o(i.HAL_TIM_Encoder_MspInit) for HAL_TIM_Encoder_MspInit
    stm32f0xx_hal_tim.o(i.HAL_TIM_Encoder_Init) refers to stm32f0xx_hal_tim.o(i.TIM_Base_SetConfig) for TIM_Base_SetConfig
    stm32f0xx_hal_tim.o(i.HAL_TIM_Encoder_Start) refers to stm32f0xx_hal_tim.o(i.TIM_CCxChannelCmd) for TIM_CCxChannelCmd
    stm32f0xx_hal_tim.o(i.HAL_TIM_Encoder_Start_DMA) refers to stm32f0xx_hal_dma.o(i.HAL_DMA_Start_IT) for HAL_DMA_Start_IT
    stm32f0xx_hal_tim.o(i.HAL_TIM_Encoder_Start_DMA) refers to stm32f0xx_hal_tim.o(i.TIM_CCxChannelCmd) for TIM_CCxChannelCmd
    stm32f0xx_hal_tim.o(i.HAL_TIM_Encoder_Start_DMA) refers to stm32f0xx_hal_tim.o(i.TIM_DMACaptureCplt) for TIM_DMACaptureCplt
    stm32f0xx_hal_tim.o(i.HAL_TIM_Encoder_Start_DMA) refers to stm32f0xx_hal_tim.o(i.TIM_DMAError) for TIM_DMAError
    stm32f0xx_hal_tim.o(i.HAL_TIM_Encoder_Start_IT) refers to stm32f0xx_hal_tim.o(i.TIM_CCxChannelCmd) for TIM_CCxChannelCmd
    stm32f0xx_hal_tim.o(i.HAL_TIM_Encoder_Stop) refers to stm32f0xx_hal_tim.o(i.TIM_CCxChannelCmd) for TIM_CCxChannelCmd
    stm32f0xx_hal_tim.o(i.HAL_TIM_Encoder_Stop_DMA) refers to stm32f0xx_hal_tim.o(i.TIM_CCxChannelCmd) for TIM_CCxChannelCmd
    stm32f0xx_hal_tim.o(i.HAL_TIM_Encoder_Stop_IT) refers to stm32f0xx_hal_tim.o(i.TIM_CCxChannelCmd) for TIM_CCxChannelCmd
[...]
    i.__scatterload_copy                     0x0800448e   Section       14  handlers.o(i.__scatterload_copy)
    i.__scatterload_null                     0x0800449c   Section        2  handlers.o(i.__scatterload_null)
    i.__scatterload_zeroinit                 0x0800449e   Section       14  handlers.o(i.__scatterload_zeroinit)
    i._dwt_aonarrayupload                    0x080044ac   Section        0  deca_device.o(i._dwt_aonarrayupload)
    i._dwt_configlde                         0x080044c4   Section        0  deca_device.o(i._dwt_configlde)
    i._dwt_disablesequencing                 0x08004500   Section        0  deca_device.o(i._dwt_disablesequencing)
    i._dwt_enableclocks                      0x08004514   Section        0  deca_device.o(i._dwt_enableclocks)
    i._dwt_loaducodefromrom                  0x08004600   Section        0  deca_device.o(i._dwt_loaducodefromrom)
    i._dwt_otpread                           0x08004622   Section        0  deca_device.o(i._dwt_otpread)
    i._fp_digits                             0x08004654   Section        0  printfa.o(i._fp_digits)
    _fp_digits                               0x08004655   Thumb Code   316  printfa.o(i._fp_digits)
    i._printf_core                           0x080047ac   Section        0  printfa.o(i._printf_core)
    _printf_core                             0x080047ad   Thumb Code  1754  printfa.o(i._printf_core)
    i._printf_post_padding                   0x08004e98   Section        0  printfa.o(i._printf_post_padding)
    _printf_post_padding                     0x08004e99   Thumb Code    32  printfa.o(i._printf_post_padding)
    i._printf_pre_padding                    0x08004eb8   Section        0  printfa.o(i._printf_pre_padding)
    _printf_pre_padding                      0x08004eb9   Thumb Code    44  printfa.o(i._printf_pre_padding)
    i.deca_sleep                             0x08004ee4   Section        0  deca_sleep.o(i.deca_sleep)
    i.decamutexoff                           0x08004ef0   Section        0  deca_mutex.o(i.decamutexoff)
    i.decamutexon                            0x08004ef8   Section        0  deca_mutex.o(i.decamutexon)
    i.delay_init                             0x08004f00   Section        0  delay.o(i.delay_init)
    i.dmp_set_accel_bias                     0x08004f48   Section        0  inv_mpu_dmp_motion_driver.o(i.dmp_set_accel_bias)
    i.dmp_set_gyro_bias                      0x080050a8   Section        0  inv_mpu_dmp_motion_driver.o(i.dmp_set_gyro_bias)
    i.dw1000_init                            0x080051ec   Section        0  main.o(i.dw1000_init)
    dw1000_init                              0x080051ed   Thumb Code   198  main.o(i.dw1000_init)
    i.dwt_configure                          0x08005318   Section        0  deca_device.o(i.dwt_configure)
    i.dwt_configuresleep                     0x08005554   Section        0  deca_device.o(i.dwt_configuresleep)
    i.dwt_forcetrxoff                        0x0800557c   Section        0  deca_device.o(i.dwt_forcetrxoff)
    i.dwt_initialise                         0x080055d0   Section        0  deca_device.o(i.dwt_initialise)
    i.dwt_isr                                0x080056d0   Section        0  deca_device.o(i.dwt_isr)
    i.dwt_read16bitoffsetreg                 0x08005840   Section        0  deca_device.o(i.dwt_read16bitoffsetreg)
    i.dwt_read32bitoffsetreg                 0x08005866   Section        0  deca_device.o(i.dwt_read32bitoffsetreg)
    i.dwt_read8bitoffsetreg                  0x08005890   Section        0  deca_device.o(i.dwt_read8bitoffsetreg)
    i.dwt_readdevid                          0x080058a8   Section        0  deca_device.o(i.dwt_readdevid)
    i.dwt_readfromdevice                     0x080058b4   Section        0  deca_device.o(i.dwt_readfromdevice)
    i.dwt_readrxdata                         0x08005904   Section        0  deca_device.o(i.dwt_readrxdata)
    i.dwt_rxenable                           0x0800591a   Section        0  deca_device.o(i.dwt_rxenable)
    i.dwt_rxreset                            0x08005980   Section        0  deca_device.o(i.dwt_rxreset)
    i.dwt_setaddress16                       0x08005998   Section        0  deca_device.o(i.dwt_setaddress16)
    i.dwt_setcallbacks                       0x080059a8   Section        0  deca_device.o(i.dwt_setcallbacks)
    i.dwt_seteui                             0x080059bc   Section        0  deca_device.o(i.dwt_seteui)
    i.dwt_setinterrupt                       0x080059ce   Section        0  deca_device.o(i.dwt_setinterrupt)
    i.dwt_setleds                            0x08005a08   Section        0  deca_device.o(i.dwt_setleds)
    i.dwt_setlnapamode                       0x08005aac   Section        0  deca_device.o(i.dwt_setlnapamode)
    i.dwt_setpanid                           0x08005ae6   Section        0  deca_device.o(i.dwt_setpanid)
    i.dwt_setrxaftertxdelay                  0x08005af6   Section        0  deca_device.o(i.dwt_setrxaftertxdelay)
    i.dwt_setrxantennadelay                  0x08005b1c   Section        0  deca_device.o(i.dwt_setrxantennadelay)
    i.dwt_setrxtimeout                       0x08005b30   Section        0  deca_device.o(i.dwt_setrxtimeout)
    i.dwt_settxantennadelay                  0x08005b90   Section        0  deca_device.o(i.dwt_settxantennadelay)
    i.dwt_setxtaltrim                        0x08005ba0   Section        0  deca_device.o(i.dwt_setxtaltrim)
    i.dwt_softreset                          0x08005bbc   Section        0  deca_device.o(i.dwt_softreset)
    i.dwt_starttx                            0x08005c00   Section        0  deca_device.o(i.dwt_starttx)
    i.dwt_syncrxbufptrs                      0x08005c80   Section        0  deca_device.o(i.dwt_syncrxbufptrs)
    i.dwt_write16bitoffsetreg                0x08005ca6   Section        0  deca_device.o(i.dwt_write16bitoffsetreg)
    i.dwt_write32bitoffsetreg                0x08005cc4   Section        0  deca_device.o(i.dwt_write32bitoffsetreg)
    i.dwt_write8bitoffsetreg                 0x08005cea   Section        0  deca_device.o(i.dwt_write8bitoffsetreg)
    i.dwt_writetodevice                      0x08005cfe   Section        0  deca_device.o(i.dwt_writetodevice)
    i.dwt_writetxdata                        0x08005d62   Section        0  deca_device.o(i.dwt_writetxdata)
    i.dwt_writetxfctrl                       0x08005d8c   Section        0  deca_device.o(i.dwt_writetxfctrl)
    i.fputc                                  0x08005db4   Section        0  stm32f0xx_hal_msp.o(i.fputc)
    i.going                                  0x08005dd4   Section        0  testing.o(i.going)
    i.main                                   0x08005de0   Section        0  main.o(i.main)
    i.malloc                                 0x08005e94   Section        0  malloc.o(i.malloc)
    i.mpu_configure_fifo                     0x08005f00   Section        0  inv_mpu.o(i.mpu_configure_fifo)
    i.mpu_get_accel_sens                     0x08005f80   Section        0  inv_mpu.o(i.mpu_get_accel_sens)
    i.mpu_init                               0x08005fd8   Section        0  inv_mpu.o(i.mpu_init)
    i.mpu_lp_accel_mode                      0x08006118   Section        0  inv_mpu.o(i.mpu_lp_accel_mode)
    i.mpu_reset_fifo                         0x0800623c   Section        0  inv_mpu.o(i.mpu_reset_fifo)
    i.mpu_set_accel_fsr                      0x08006424   Section        0  inv_mpu.o(i.mpu_set_accel_fsr)
    i.mpu_set_bypass                         0x080064a8   Section        0  inv_mpu.o(i.mpu_set_bypass)
    i.mpu_set_compass_sample_rate            0x08006608   Section        0  inv_mpu.o(i.mpu_set_compass_sample_rate)
    i.mpu_set_gyro_fsr                       0x08006670   Section        0  inv_mpu.o(i.mpu_set_gyro_fsr)
    i.mpu_set_int_latched                    0x08006704   Section        0  inv_mpu.o(i.mpu_set_int_latched)
    i.mpu_set_lpf                            0x08006778   Section        0  inv_mpu.o(i.mpu_set_lpf)
    i.mpu_set_sample_rate                    0x080067fc   Section        0  inv_mpu.o(i.mpu_set_sample_rate)
    i.mpu_set_sensors                        0x080068b8   Section        0  inv_mpu.o(i.mpu_set_sensors)
    i.mpu_write_mem                          0x08006a3c   Section        0  inv_mpu.o(i.mpu_write_mem)
    i.port_set_deca_isr                      0x08006ab8   Section        0  dw1000.o(i.port_set_deca_isr)
    i.read_addr                              0x08006ac4   Section        0  usmart.o(i.read_addr)
    i.readfromspi                            0x08006acc   Section        0  deca_spi.o(i.readfromspi)
    i.reset_DW1000                           0x08006b28   Section        0  dw1000.o(i.reset_DW1000)
    i.rx_err_cb                              0x08006b70   Section        0  deca_callback.o(i.rx_err_cb)
    i.rx_ok_cb                               0x08006b7c   Section        0  deca_callback.o(i.rx_ok_cb)
    i.rx_to_cb                               0x08006c00   Section        0  deca_callback.o(i.rx_to_cb)
    i.set_int_enable                         0x08006c0c   Section        0  inv_mpu.o(i.set_int_enable)
    set_int_enable                           0x08006c0d   Thumb Code   166  inv_mpu.o(i.set_int_enable)
    i.setup_compass                          0x08006cb8   Section        0  inv_mpu.o(i.setup_compass)
    setup_compass                            0x08006cb9   Thumb Code   634  inv_mpu.o(i.setup_compass)
    i.sysconfig_init                         0x08006f3c   Section        0  main.o(i.sysconfig_init)
    sysconfig_init                           0x08006f3d   Thumb Code   230  main.o(i.sysconfig_init)
    i.testI2C                                0x08007108   Section        0  testing.o(i.testI2C)
    i.tx_conf_cb                             0x08007214   Section        0  deca_callback.o(i.tx_conf_cb)
    i.unlockflash                            0x08007220   Section        0  testing.o(i.unlockflash)
    i.usmart_cmd_rec                         0x0800724c   Section        0  usmart.o(i.usmart_cmd_rec)
    i.usmart_exe                             0x08007300   Section        0  usmart.o(i.usmart_exe)
    i.usmart_get_aparm                       0x080075fc   Section        0  usmart_str.o(i.usmart_get_aparm)
    i.usmart_get_cmdname                     0x080076d2   Section        0  usmart_str.o(i.usmart_get_cmdname)
    i.usmart_get_fname                       0x08007708   Section        0  usmart_str.o(i.usmart_get_fname)
    i.usmart_get_fparam                      0x080078e0   Section        0  usmart_str.o(i.usmart_get_fparam)
    i.usmart_get_parmpos                     0x080079f0   Section        0  usmart_str.o(i.usmart_get_parmpos)
    i.usmart_get_runtime                     0x08007a10   Section        0  usmart.o(i.usmart_get_runtime)
    i.usmart_init                            0x08007a48   Section        0  usmart.o(i.usmart_init)
    i.usmart_pow                             0x08007a54   Section        0  usmart_str.o(i.usmart_pow)
    i.usmart_reset_runtime                   0x08007a70   Section        0  usmart.o(i.usmart_reset_runtime)
    i.usmart_scan                            0x08007a98   Section        0  usmart.o(i.usmart_scan)
    i.usmart_search_nextc                    0x08007b64   Section        0  usmart_str.o(i.usmart_search_nextc)
    i.usmart_str2num                         0x08007b7a   Section        0  usmart_str.o(i.usmart_str2num)
    i.usmart_strcmp                          0x08007c4a   Section        0  usmart_str.o(i.usmart_strcmp)
    i.usmart_strcopy                         0x08007c6e   Section        0  usmart_str.o(i.usmart_strcopy)
    i.usmart_strlen                          0x08007c86   Section        0  usmart_str.o(i.usmart_strlen)
    i.usmart_sys_cmd_exe                     0x08007ca0   Section        0  usmart.o(i.usmart_sys_cmd_exe)
    i.write_addr                             0x08008394   Section        0  usmart.o(i.write_addr)
    i.writetospi                             0x08008398   Section        0  deca_spi.o(i.writetospi)
    .constdata                               0x08008408   Section       24  system_stm32f0xx.o(.constdata)
    .constdata                               0x08008420   Section      174  deca_params_init.o(.constdata)
    .constdata                               0x080084ce   Section       10  rf24l01.o(.constdata)
    .constdata                               0x080084d8   Section       34  mpu9250.o(.constdata)
    .constdata                               0x080084fc   Section      616  inv_mpu.o(.constdata)
    mpu_6500_st_tb                           0x08008564   Data         512  inv_mpu.o(.constdata)
    .conststring                             0x08008764   Section       40  usmart.o(.conststring)
    .conststring                             0x0800878c   Section      272  usmart_config.o(.conststring)
    .data                                    0x20000000   Section        4  stm32f0xx_hal.o(.data)
    .data                                    0x20000004   Section        4  system_stm32f0xx.o(.data)
    .data                                    0x20000008   Section      200  main.o(.data)
    config                                   0x20000008   Data          12  main.o(.data)
    pan_id                                   0x20000038   Data           2  main.o(.data)
    eui                                      0x2000003a   Data           8  main.o(.data)
    a                                        0x200000b8   Data          12  main.o(.data)
    b                                        0x200000c4   Data          12  main.o(.data)
    .data                                    0x200000d0   Section        4  delay.o(.data)
    fac_us                                   0x200000d0   Data           1  delay.o(.data)
    fac_ms                                   0x200000d2   Data           2  delay.o(.data)
    .data                                    0x200000d4   Section        6  testing.o(.data)
    .data                                    0x200000e0   Section       21  deca_callback.o(.data)
    .data                                    0x200000f8   Section        4  dw1000.o(.data)
    .data                                    0x200000fc   Section        2  rf24l01.o(.data)
    .data                                    0x20000100   Section       28  usmart.o(.data)
    .data                                    0x2000011c   Section      316  usmart_config.o(.data)
    .data                                    0x20000258   Section       56  inv_mpu.o(.data)
    st                                       0x20000258   Data          56  inv_mpu.o(.data)
    .data                                    0x20000290   Section        4  stdout.o(.data)
    .data                                    0x20000294   Section        4  mvars.o(.data)
    .data                                    0x20000298   Section        4  mvars.o(.data)
    .bss                                     0x2000029c   Section      860  main.o(.bss)
    x                                        0x200005b0   Data          36  main.o(.bss)
    y                                        0x200005d4   Data          36  main.o(.bss)
    .bss                                     0x200005f8   Section       40  testing.o(.bss)
    .bss                                     0x20000620   Section       45  deca_callback.o(.bss)
    lastmesg                                 0x20000643   Data          10  deca_callback.o(.bss)
    .bss                                     0x20000650   Section       56  deca_device.o(.bss)
    dw1000local                              0x20000650   Data          56  deca_device.o(.bss)
    .bss                                     0x20000688   Section       16  inv_mpu_dmp_motion_driver.o(.bss)
    dmp                                      0x20000688   Data          16  inv_mpu_dmp_motion_driver.o(.bss)
    HEAP                                     0x20000698   Section     1024  startup_stm32f072xb.o(HEAP)
    STACK                                    0x20000a98   Section     1024  startup_stm32f072xb.o(STACK)

    Global Symbols

    Symbol Name                              Value     Ov Type        Size  Object(Section)

    BuildAttributes$$THM_ISAv3M$S$PE$A:L22$X:L11$S22$IEEE1$IW$USESV6$~STKCKD$USESV7$~SHL$OTIME$ROPI$IEEEJ$EBA8$MICROLIB$REQ8$PRES8$EABIv2 0x00000000   Number         0  anon$$obj.o ABSOLUTE
    __ARM_use_no_argv                        0x00000000   Number         0  main.o ABSOLUTE
    _printf_a                                0x00000000   Number         0  stubs.o ABSOLUTE
    _printf_c                                0x00000000   Number         0  stubs.o ABSOLUTE
    _printf_charcount                        0x00000000   Number         0  stubs.o ABSOLUTE
    _printf_d                                0x00000000   Number         0  stubs.o ABSOLUTE
    _printf_e                                0x00000000   Number         0  stubs.o ABSOLUTE
    _printf_f                                0x00000000   Number         0  stubs.o ABSOLUTE
    _printf_flags                            0x00000000   Number         0  stubs.o ABSOLUTE
    _printf_fp_dec                           0x00000000   Number         0  stubs.o ABSOLUTE
    _printf_fp_hex                           0x00000000   Number         0  stubs.o ABSOLUTE
    _printf_g                                0x00000000   Number         0  stubs.o ABSOLUTE
    _printf_i                                0x00000000   Number         0  stubs.o ABSOLUTE
    _printf_int_dec                          0x00000000   Number         0  stubs.o ABSOLUTE
    _printf_l                                0x00000000   Number         0  stubs.o ABSOLUTE
    _printf_lc                               0x00000000   Number         0  stubs.o ABSOLUTE
    _printf_ll                               0x00000000   Number         0  stubs.o ABSOLUTE
    _printf_lld                              0x00000000   Number         0  stubs.o ABSOLUTE
    _printf_lli                              0x00000000   Number         0  stubs.o ABSOLUTE
    _printf_llo                              0x00000000   Number         0  stubs.o ABSOLUTE
    _printf_llu                              0x00000000   Number         0  stubs.o ABSOLUTE
    _printf_llx                              0x00000000   Number         0  stubs.o ABSOLUTE
    _printf_longlong_dec                     0x00000000   Number         0  stubs.o ABSOLUTE
    _printf_longlong_hex                     0x00000000   Number         0  stubs.o ABSOLUTE
    _printf_longlong_oct                     0x00000000   Number         0  stubs.o ABSOLUTE
    _printf_ls                               0x00000000   Number         0  stubs.o ABSOLUTE
    _printf_mbtowc                           0x00000000   Number         0  stubs.o ABSOLUTE
    _printf_n                                0x00000000   Number         0  stubs.o ABSOLUTE
    _printf_o                                0x00000000   Number         0  stubs.o ABSOLUTE
    _printf_p                                0x00000000   Number         0  stubs.o ABSOLUTE
    _printf_percent                          0x00000000   Number         0  stubs.o ABSOLUTE
    _printf_pre_padding                      0x00000000   Number         0  stubs.o ABSOLUTE
    _printf_return_value                     0x00000000   Number         0  stubs.o ABSOLUTE
    _printf_s                                0x00000000   Number         0  stubs.o ABSOLUTE
    _printf_sizespec                         0x00000000   Number         0  stubs.o ABSOLUTE
    _printf_str                              0x00000000   Number         0  stubs.o ABSOLUTE
    _printf_truncate_signed                  0x00000000   Number         0  stubs.o ABSOLUTE
    _printf_truncate_unsigned                0x00000000   Number         0  stubs.o ABSOLUTE
    _printf_u                                0x00000000   Number         0  stubs.o ABSOLUTE
    _printf_wc                               0x00000000   Number         0  stubs.o ABSOLUTE
    _printf_wctomb                           0x00000000   Number         0  stubs.o ABSOLUTE
    _printf_widthprec                        0x00000000   Number         0  stubs.o ABSOLUTE
    _printf_x                                0x00000000   Number         0  stubs.o ABSOLUTE
    __cpp_initialize__aeabi_                  - Undefined Weak Reference
    __cxa_finalize                            - Undefined Weak Reference
    _clock_init                               - Undefined Weak Reference
    _microlib_exit                            - Undefined Weak Reference
    __Vectors_Size                           0x000000c0   Number         0  startup_stm32f072xb.o ABSOLUTE
    __Vectors                                0x08000000   Data           4  startup_stm32f072xb.o(RESET)
    __Vectors_End                            0x080000c0   Data           0  startup_stm32f072xb.o(RESET)
    __main                                   0x080000c1   Thumb Code     0  entry.o(.ARM.Collect$$$$00000000)
    _main_stk                                0x080000c1   Thumb Code     0  entry2.o(.ARM.Collect$$$$00000001)
    _main_scatterload                        0x080000c5   Thumb Code     0  entry5.o(.ARM.Collect$$$$00000004)
    __main_after_scatterload                 0x080000c9   Thumb Code     0  entry5.o(.ARM.Collect$$$$00000004)
    _main_clock                              0x080000c9   Thumb Code     0  entry7b.o(.ARM.Collect$$$$00000008)
    _main_cpp_init                           0x080000c9   Thumb Code     0  entry8b.o(.ARM.Collect$$$$0000000A)
    _main_init                               0x080000c9   Thumb Code     0  entry9a.o(.ARM.Collect$$$$0000000B)
    __rt_final_cpp                           0x080000d1   Thumb Code     0  entry10a.o(.ARM.Collect$$$$0000000D)
    __rt_final_exit                          0x080000d1   Thumb Code     0  entry11a.o(.ARM.Collect$$$$0000000F)
    Reset_Handler                            0x080000d5   Thumb Code     8  startup_stm32f072xb.o(.text)
    ADC1_COMP_IRQHandler                     0x080000e7   Thumb Code     0  startup_stm32f072xb.o(.text)
    CEC_CAN_IRQHandler                       0x080000e7   Thumb Code     0  startup_stm32f072xb.o(.text)
    DMA1_Channel1_IRQHandler                 0x080000e7   Thumb Code     0  startup_stm32f072xb.o(.text)
    DMA1_Channel2_3_IRQHandler               0x080000e7   Thumb Code     0  startup_stm32f072xb.o(.text)
    DMA1_Channel4_5_6_7_IRQHandler           0x080000e7   Thumb Code     0  startup_stm32f072xb.o(.text)
    EXTI0_1_IRQHandler                       0x080000e7   Thumb Code     0  startup_stm32f072xb.o(.text)
    FLASH_IRQHandler                         0x080000e7   Thumb Code     0  startup_stm32f072xb.o(.text)
    I2C1_IRQHandler                          0x080000e7   Thumb Code     0  startup_stm32f072xb.o(.text)
    I2C2_IRQHandler                          0x080000e7   Thumb Code     0  startup_stm32f072xb.o(.text)
    PVD_VDDIO2_IRQHandler                    0x080000e7   Thumb Code     0  startup_stm32f072xb.o(.text)
    RCC_CRS_IRQHandler                       0x080000e7   Thumb Code     0  startup_stm32f072xb.o(.text)
    SPI1_IRQHandler                          0x080000e7   Thumb Code     0  startup_stm32f072xb.o(.text)
    SPI2_IRQHandler                          0x080000e7   Thumb Code     0  startup_stm32f072xb.o(.text)
    TIM15_IRQHandler                         0x080000e7   Thumb Code     0  startup_stm32f072xb.o(.text)
    TIM16_IRQHandler                         0x080000e7   Thumb Code     0  startup_stm32f072xb.o(.text)
    TIM17_IRQHandler                         0x080000e7   Thumb Code     0  startup_stm32f072xb.o(.text)
    TIM1_BRK_UP_TRG_COM_IRQHandler           0x080000e7   Thumb Code     0  startup_stm32f072xb.o(.text)
    TIM1_CC_IRQHandler                       0x080000e7   Thumb Code     0  startup_stm32f072xb.o(.text)
    TIM2_IRQHandler                          0x080000e7   Thumb Code     0  startup_stm32f072xb.o(.text)
    TIM3_IRQHandler                          0x080000e7   Thumb Code     0  startup_stm32f072xb.o(.text)
    TIM6_DAC_IRQHandler                      0x080000e7   Thumb Code     0  startup_stm32f072xb.o(.text)
    TIM7_IRQHandler                          0x080000e7   Thumb Code     0  startup_stm32f072xb.o(.text)
    TSC_IRQHandler                           0x080000e7   Thumb Code     0  startup_stm32f072xb.o(.text)
    USART2_IRQHandler                        0x080000e7   Thumb Code     0  startup_stm32f072xb.o(.text)
    USART3_4_IRQHandler                      0x080000e7   Thumb Code     0  startup_stm32f072xb.o(.text)
    USB_IRQHandler                           0x080000e7   Thumb Code     0  startup_stm32f072xb.o(.text)
    WWDG_IRQHandler                          0x080000e7   Thumb Code     0  startup_stm32f072xb.o(.text)
    __aeabi_uidiv                            0x080000f1   Thumb Code     0  uidiv.o(.text)
    __aeabi_uidivmod                         0x080000f1   Thumb Code    44  uidiv.o(.text)
    __aeabi_idiv                             0x0800011d   Thumb Code     0  idiv.o(.text)
    __aeabi_idivmod                          0x0800011d   Thumb Code    40  idiv.o(.text)
    __aeabi_lmul                             0x08000145   Thumb Code   122  llmul.o(.text)
    _ll_mul                                  0x08000145   Thumb Code     0  llmul.o(.text)
    __aeabi_llsr                             0x080001bf   Thumb Code    34  llushr.o(.text)
    _ll_ushift_r                             0x080001bf   Thumb Code     0  llushr.o(.text)
    __aeabi_memcpy                           0x080001e1   Thumb Code    36  memcpya.o(.text)
    __aeabi_memcpy4                          0x080001e1   Thumb Code     0  memcpya.o(.text)
    __aeabi_memcpy8                          0x080001e1   Thumb Code     0  memcpya.o(.text)
    __aeabi_memset                           0x08000205   Thumb Code    14  memseta.o(.text)
    __aeabi_memset4                          0x08000205   Thumb Code     0  memseta.o(.text)
    __aeabi_memset8                          0x08000205   Thumb Code     0  memseta.o(.text)
    __aeabi_memclr                           0x08000213   Thumb Code     4  memseta.o(.text)
    __aeabi_memclr4                          0x08000213   Thumb Code     0  memseta.o(.text)
    __aeabi_memclr8                          0x08000213   Thumb Code     0  memseta.o(.text)
    _memset$wrapper                          0x08000217   Thumb Code    18  memseta.o(.text)
    __aeabi_dadd                             0x08000229   Thumb Code   328  dadd.o(.text)
    __aeabi_dsub                             0x08000371   Thumb Code    12  dadd.o(.text)
    __aeabi_drsub                            0x0800037d   Thumb Code    12  dadd.o(.text)
    __aeabi_dmul                             0x0800038d   Thumb Code   202  dmul.o(.text)
    __aeabi_ddiv                             0x0800045d   Thumb Code   234  ddiv.o(.text)
    __aeabi_ui2d                             0x0800054d   Thumb Code    24  dfltui.o(.text)
    __aeabi_cdrcmple                         0x08000569   Thumb Code    38  cdrcmple.o(.text)
    __aeabi_uldivmod                         0x08000591   Thumb Code    96  uldiv.o(.text)
    __aeabi_llsl                             0x080005f1   Thumb Code    32  llshl.o(.text)
    _ll_shift_l                              0x080005f1   Thumb Code     0  llshl.o(.text)
    __aeabi_lasr                             0x08000611   Thumb Code    38  llsshr.o(.text)
    _ll_sshift_r                             0x08000611   Thumb Code     0  llsshr.o(.text)
    __I$use$fp                               0x08000637   Thumb Code     0  iusefp.o(.text)
    _double_round                            0x08000637   Thumb Code    26  depilogue.o(.text)
    _double_epilogue                         0x08000651   Thumb Code   164  depilogue.o(.text)
    __aeabi_d2ulz                            0x080006f5   Thumb Code    54  dfixul.o(.text)
    __scatterload                            0x08000735   Thumb Code    28  init.o(.text)
    __scatterload_rt2                        0x08000735   Thumb Code     0  init.o(.text)
    __decompress                             0x08000759   Thumb Code     0  __dczerorl2.o(.text)
    __decompress1                            0x08000759   Thumb Code    86  __dczerorl2.o(.text)
    Delay_ms                                 0x080007b1   Thumb Code    82  delay.o(i.Delay_ms)
    Delay_us                                 0x0800080d   Thumb Code    80  delay.o(i.Delay_us)
    EXTI2_3_IRQHandler                       0x08000865   Thumb Code    70  stm32f0xx_it.o(i.EXTI2_3_IRQHandler)
    EXTI4_15_IRQHandler                      0x08000915   Thumb Code    60  stm32f0xx_it.o(i.EXTI4_15_IRQHandler)
    Error_Handler                            0x080009b5   Thumb Code    10  main.o(i.Error_Handler)
    HAL_Delay                                0x080009c9   Thumb Code    12  delay.o(i.HAL_Delay)
    HAL_GPIO_Init                            0x080009d5   Thumb Code   480  stm32f0xx_hal_gpio.o(i.HAL_GPIO_Init)
    HAL_GPIO_ReadPin                         0x08000bd1   Thumb Code    18  stm32f0xx_hal_gpio.o(i.HAL_GPIO_ReadPin)
    HAL_GPIO_WritePin                        0x08000be3   Thumb Code    12  stm32f0xx_hal_gpio.o(i.HAL_GPIO_WritePin)
    HAL_GetTick                              0x08000bf1   Thumb Code     6  stm32f0xx_hal.o(i.HAL_GetTick)
    HAL_IncTick                              0x08000bfd   Thumb Code    12  stm32f0xx_hal.o(i.HAL_IncTick)
    HAL_Init                                 0x08000c0d   Thumb Code    28  stm32f0xx_hal.o(i.HAL_Init)
    HAL_InitTick                             0x08000c2d   Thumb Code    38  stm32f0xx_hal.o(i.HAL_InitTick)
    HAL_MspInit                              0x08000c55   Thumb Code    62  stm32f0xx_hal_msp.o(i.HAL_MspInit)
    HAL_NVIC_EnableIRQ                       0x08000c99   Thumb Code    18  stm32f0xx_hal_cortex.o(i.HAL_NVIC_EnableIRQ)
    HAL_NVIC_SetPriority                     0x08000cb1   Thumb Code    18  stm32f0xx_hal_cortex.o(i.HAL_NVIC_SetPriority)
    HAL_RCCEx_PeriphCLKConfig                0x08000cc5   Thumb Code   406  stm32f0xx_hal_rcc_ex.o(i.HAL_RCCEx_PeriphCLKConfig)
    HAL_RCC_CSSCallback                      0x08000e69   Thumb Code     2  stm32f0xx_hal_rcc.o(i.HAL_RCC_CSSCallback)
    HAL_RCC_ClockConfig                      0x08000e6d   Thumb Code   444  stm32f0xx_hal_rcc.o(i.HAL_RCC_ClockConfig)
    HAL_RCC_GetHCLKFreq                      0x0800103d   Thumb Code     6  stm32f0xx_hal_rcc.o(i.HAL_RCC_GetHCLKFreq)
    HAL_RCC_GetPCLK1Freq                     0x08001049   Thumb Code    26  stm32f0xx_hal_rcc.o(i.HAL_RCC_GetPCLK1Freq)
    HAL_RCC_GetSysClockFreq                  0x0800106d   Thumb Code   194  stm32f0xx_hal_rcc.o(i.HAL_RCC_GetSysClockFreq)
    HAL_RCC_NMI_IRQHandler                   0x0800115d   Thumb Code    26  stm32f0xx_hal_rcc.o(i.HAL_RCC_NMI_IRQHandler)
    HAL_RCC_OscConfig                        0x0800117d   Thumb Code  1532  stm32f0xx_hal_rcc.o(i.HAL_RCC_OscConfig)
    HAL_RTCEx_SetWakeUpTimer_IT              0x0800177d   Thumb Code   308  stm32f0xx_hal_rtc_ex.o(i.HAL_RTCEx_SetWakeUpTimer_IT)
    HAL_RTCEx_WakeUpTimerEventCallback       0x080018b5   Thumb Code     2  stm32f0xx_hal_rtc_ex.o(i.HAL_RTCEx_WakeUpTimerEventCallback)
    HAL_RTCEx_WakeUpTimerIRQHandler          0x080018b9   Thumb Code    70  stm32f0xx_hal_rtc_ex.o(i.HAL_RTCEx_WakeUpTimerIRQHandler)
    HAL_RTC_Init                             0x08001909   Thumb Code   182  stm32f0xx_hal_rtc.o(i.HAL_RTC_Init)
    HAL_RTC_MspInit                          0x080019c5   Thumb Code    42  stm32f0xx_hal_msp.o(i.HAL_RTC_MspInit)
    HAL_RTC_SetDate                          0x080019f9   Thumb Code   280  stm32f0xx_hal_rtc.o(i.HAL_RTC_SetDate)
    HAL_RTC_SetTime                          0x08001b15   Thumb Code   318  stm32f0xx_hal_rtc.o(i.HAL_RTC_SetTime)
    HAL_RTC_WaitForSynchro                   0x08001c59   Thumb Code    60  stm32f0xx_hal_rtc.o(i.HAL_RTC_WaitForSynchro)
    HAL_SPIEx_FlushRxFifo                    0x08001c95   Thumb Code    46  stm32f0xx_hal_spi_ex.o(i.HAL_SPIEx_FlushRxFifo)
    HAL_SPI_Init                             0x08001cc5   Thumb Code   234  stm32f0xx_hal_spi.o(i.HAL_SPI_Init)
    HAL_SPI_MspInit                          0x08001db5   Thumb Code   146  stm32f0xx_hal_msp.o(i.HAL_SPI_MspInit)
    HAL_SPI_Receive                          0x08001e59   Thumb Code   694  stm32f0xx_hal_spi.o(i.HAL_SPI_Receive)
    HAL_SPI_Transmit                         0x08002119   Thumb Code   454  stm32f0xx_hal_spi.o(i.HAL_SPI_Transmit)
    HAL_SPI_TransmitReceive                  0x080022e5   Thumb Code   892  stm32f0xx_hal_spi.o(i.HAL_SPI_TransmitReceive)
    HAL_SYSTICK_CLKSourceConfig              0x08002669   Thumb Code    32  stm32f0xx_hal_cortex.o(i.HAL_SYSTICK_CLKSourceConfig)
    HAL_SYSTICK_Callback                     0x0800268d   Thumb Code     2  stm32f0xx_hal_cortex.o(i.HAL_SYSTICK_Callback)
    HAL_SYSTICK_Config                       0x08002691   Thumb Code    46  stm32f0xx_hal_cortex.o(i.HAL_SYSTICK_Config)
    HAL_SYSTICK_IRQHandler                   0x080026c9   Thumb Code     8  stm32f0xx_hal_cortex.o(i.HAL_SYSTICK_IRQHandler)
    HAL_TIMEx_BreakCallback                  0x080026d1   Thumb Code     2  stm32f0xx_hal_tim_ex.o(i.HAL_TIMEx_BreakCallback)
    HAL_TIMEx_CommutationCallback            0x080026d3   Thumb Code     2  stm32f0xx_hal_tim_ex.o(i.HAL_TIMEx_CommutationCallback)
    HAL_TIM_Base_Init                        0x080026d5   Thumb Code    56  stm32f0xx_hal_tim.o(i.HAL_TIM_Base_Init)
    HAL_TIM_Base_MspInit                     0x0800270d   Thumb Code    68  stm32f0xx_hal_msp.o(i.HAL_TIM_Base_MspInit)
    HAL_TIM_Base_Start_IT                    0x08002759   Thumb Code    30  stm32f0xx_hal_tim.o(i.HAL_TIM_Base_Start_IT)
    HAL_TIM_IC_CaptureCallback               0x08002777   Thumb Code     2  stm32f0xx_hal_tim.o(i.HAL_TIM_IC_CaptureCallback)
    HAL_TIM_IRQHandler                       0x08002779   Thumb Code   456  stm32f0xx_hal_tim.o(i.HAL_TIM_IRQHandler)
    HAL_TIM_OC_DelayElapsedCallback          0x08002941   Thumb Code     2  stm32f0xx_hal_tim.o(i.HAL_TIM_OC_DelayElapsedCallback)
    HAL_TIM_PWM_PulseFinishedCallback        0x08002943   Thumb Code     2  stm32f0xx_hal_tim.o(i.HAL_TIM_PWM_PulseFinishedCallback)
    HAL_TIM_PeriodElapsedCallback            0x08002945   Thumb Code   296  stm32f0xx_it.o(i.HAL_TIM_PeriodElapsedCallback)
    HAL_TIM_TriggerCallback                  0x08002aa5   Thumb Code     2  stm32f0xx_hal_tim.o(i.HAL_TIM_TriggerCallback)
    HAL_UARTEx_WakeupCallback                0x08002aa7   Thumb Code     2  stm32f0xx_hal_uart_ex.o(i.HAL_UARTEx_WakeupCallback)
    HAL_UART_ErrorCallback                   0x08002aa9   Thumb Code     2  stm32f0xx_hal_uart.o(i.HAL_UART_ErrorCallback)
    HAL_UART_IRQHandler                      0x08002aab   Thumb Code   314  stm32f0xx_hal_uart.o(i.HAL_UART_IRQHandler)
    HAL_UART_Init                            0x08002be5   Thumb Code   130  stm32f0xx_hal_uart.o(i.HAL_UART_Init)
    HAL_UART_MspInit                         0x08002c69   Thumb Code    98  stm32f0xx_hal_msp.o(i.HAL_UART_MspInit)
    HAL_UART_Receive_IT                      0x08002cd5   Thumb Code   244  stm32f0xx_hal_uart.o(i.HAL_UART_Receive_IT)
    HAL_UART_RxCpltCallback                  0x08002dcd   Thumb Code    56  stm32f0xx_it.o(i.HAL_UART_RxCpltCallback)
    HAL_UART_Transmit                        0x08002e2d   Thumb Code   226  stm32f0xx_hal_uart.o(i.HAL_UART_Transmit)
    HAL_UART_TxCpltCallback                  0x08002f0f   Thumb Code     2  stm32f0xx_hal_uart.o(i.HAL_UART_TxCpltCallback)
    HardFault_Handler                        0x08002f11   Thumb Code     4  stm32f0xx_it.o(i.HardFault_Handler)
    I2C_ReadRegister_9250                    0x08002f15   Thumb Code   120  i2c.o(i.I2C_ReadRegister_9250)
    I2C_WriteRegister_9250                   0x08002f9d   Thumb Code    86  i2c.o(i.I2C_WriteRegister_9250)
    IIC_Ack                                  0x08003005   Thumb Code    50  i2c.o(i.IIC_Ack)
    IIC_NAck                                 0x0800303d   Thumb Code    38  i2c.o(i.IIC_NAck)
    IIC_Read_Byte                            0x08003069   Thumb Code    80  i2c.o(i.IIC_Read_Byte)
    IIC_Send_Byte                            0x080030bd   Thumb Code    82  i2c.o(i.IIC_Send_Byte)
    IIC_Start                                0x08003115   Thumb Code    52  i2c.o(i.IIC_Start)
    IIC_Stop                                 0x0800314d   Thumb Code    52  i2c.o(i.IIC_Stop)
    IIC_Wait_Ack                             0x08003185   Thumb Code    72  i2c.o(i.IIC_Wait_Ack)
    MPU9250_Init                             0x080031d1   Thumb Code   278  mpu9250.o(i.MPU9250_Init)
    MPU_enable                               0x080032f5   Thumb Code     8  mpu9250.o(i.MPU_enable)
    NMI_Handler                              0x08003611   Thumb Code     8  stm32f0xx_it.o(i.NMI_Handler)
    NRF24L01_RX_Mode                         0x08003619   Thumb Code   106  rf24l01.o(i.NRF24L01_RX_Mode)
    NRF24L01_Read_Reg                        0x0800368d   Thumb Code    40  rf24l01.o(i.NRF24L01_Read_Reg)
    NRF24L01_TX_Mode                         0x080036b5   Thumb Code   116  rf24l01.o(i.NRF24L01_TX_Mode)
    NRF24L01_Write_Buf                       0x08003735   Thumb Code    64  rf24l01.o(i.NRF24L01_Write_Buf)
    NRF24L01_Write_Reg                       0x08003775   Thumb Code    48  rf24l01.o(i.NRF24L01_Write_Reg)
    NRF_Test                                 0x080037a5   Thumb Code   116  testing.o(i.NRF_Test)
    PendSV_Handler                           0x080038a9   Thumb Code     2  stm32f0xx_it.o(i.PendSV_Handler)
    RTC_Bcd2ToByte                           0x080038ab   Thumb Code    26  stm32f0xx_hal_rtc.o(i.RTC_Bcd2ToByte)
    RTC_ByteToBcd2                           0x080038c5   Thumb Code    26  stm32f0xx_hal_rtc.o(i.RTC_ByteToBcd2)
    RTC_EnterInitMode                        0x080038df   Thumb Code    66  stm32f0xx_hal_rtc.o(i.RTC_EnterInitMode)
    RTC_IRQHandler                           0x08003921   Thumb Code    10  stm32f0xx_it.o(i.RTC_IRQHandler)
    Read_status                              0x08003931   Thumb Code    22  testing.o(i.Read_status)
    SPI_RF_SendByte                          0x08003a1d   Thumb Code    42  rf24l01.o(i.SPI_RF_SendByte)
    SVC_Handler                              0x08003bb9   Thumb Code     2  stm32f0xx_it.o(i.SVC_Handler)
    ShowTimeStack                            0x08003bbd   Thumb Code    68  testing.o(i.ShowTimeStack)
    Start_dwrx                               0x08003c1d   Thumb Code    10  testing.o(i.Start_dwrx)
    SysTick_Handler                          0x08003c27   Thumb Code    12  stm32f0xx_it.o(i.SysTick_Handler)
    SystemClock_Config                       0x08003c33   Thumb Code   142  main.o(i.SystemClock_Config)
    SystemInit                               0x08003cc1   Thumb Code   102  system_stm32f0xx.o(i.SystemInit)
    TIM14_IRQHandler                         0x08003d39   Thumb Code    10  stm32f0xx_it.o(i.TIM14_IRQHandler)
    TIM_Base_SetConfig                       0x08003d49   Thumb Code   140  stm32f0xx_hal_tim.o(i.TIM_Base_SetConfig)
    UART_AdvFeatureConfig                    0x08003ded   Thumb Code   240  stm32f0xx_hal_uart.o(i.UART_AdvFeatureConfig)
    UART_CheckIdleState                      0x08003edd   Thumb Code   116  stm32f0xx_hal_uart.o(i.UART_CheckIdleState)
    UART_EndTransmit_IT                      0x08003f59   Thumb Code    32  stm32f0xx_hal_uart.o(i.UART_EndTransmit_IT)
    UART_Receive_IT                          0x08003f79   Thumb Code   156  stm32f0xx_hal_uart.o(i.UART_Receive_IT)
    UART_SetConfig                           0x08004015   Thumb Code   528  stm32f0xx_hal_uart.o(i.UART_SetConfig)
    UART_Transmit_IT                         0x08004249   Thumb Code   114  stm32f0xx_hal_uart.o(i.UART_Transmit_IT)
    UART_WaitOnFlagUntilTimeout              0x080042bb   Thumb Code   262  stm32f0xx_hal_uart.o(i.UART_WaitOnFlagUntilTimeout)
    USART1_IRQHandler                        0x080043c1   Thumb Code    40  stm32f0xx_it.o(i.USART1_IRQHandler)
    __0printf                                0x080043f5   Thumb Code    24  printfa.o(i.__0printf)
    __1printf                                0x080043f5   Thumb Code     0  printfa.o(i.__0printf)
    __2printf                                0x080043f5   Thumb Code     0  printfa.o(i.__0printf)
    __c89printf                              0x080043f5   Thumb Code     0  printfa.o(i.__0printf)
    printf                                   0x080043f5   Thumb Code     0  printfa.o(i.__0printf)
    __ARM_clz                                0x08004415   Thumb Code    46  depilogue.o(i.__ARM_clz)
    __ARM_common_ll_mulss                    0x08004443   Thumb Code    48  inv_mpu_dmp_motion_driver.o(i.__ARM_common_ll_mulss)
    __ARM_common_switch8                     0x08004473   Thumb Code    28  stm32f0xx_hal_tim.o(i.__ARM_common_switch8)
    __scatterload_copy                       0x0800448f   Thumb Code    14  handlers.o(i.__scatterload_copy)
    __scatterload_null                       0x0800449d   Thumb Code     2  handlers.o(i.__scatterload_null)
    __scatterload_zeroinit                   0x0800449f   Thumb Code    14  handlers.o(i.__scatterload_zeroinit)
    _dwt_aonarrayupload                      0x080044ad   Thumb Code    24  deca_device.o(i._dwt_aonarrayupload)
    _dwt_configlde                           0x080044c5   Thumb Code    42  deca_device.o(i._dwt_configlde)
    _dwt_disablesequencing                   0x08004501   Thumb Code    20  deca_device.o(i._dwt_disablesequencing)
    _dwt_enableclocks                        0x08004515   Thumb Code   236  deca_device.o(i._dwt_enableclocks)
    _dwt_loaducodefromrom                    0x08004601   Thumb Code    34  deca_device.o(i._dwt_loaducodefromrom)
    _dwt_otpread                             0x08004623   Thumb Code    48  deca_device.o(i._dwt_otpread)
    deca_sleep                               0x08004ee5   Thumb Code    12  deca_sleep.o(i.deca_sleep)
    decamutexoff                             0x08004ef1   Thumb Code     8  deca_mutex.o(i.decamutexoff)
    decamutexon                              0x08004ef9   Thumb Code     6  deca_mutex.o(i.decamutexon)
    delay_init                               0x08004f01   Thumb Code    52  delay.o(i.delay_init)
    dmp_set_accel_bias                       0x08004f49   Thumb Code   346  inv_mpu_dmp_motion_driver.o(i.dmp_set_accel_bias)
    dmp_set_gyro_bias                        0x080050a9   Thumb Code   316  inv_mpu_dmp_motion_driver.o(i.dmp_set_gyro_bias)
    dwt_configure                            0x08005319   Thumb Code   516  deca_device.o(i.dwt_configure)
    dwt_configuresleep                       0x08005555   Thumb Code    34  deca_device.o(i.dwt_configuresleep)
    dwt_forcetrxoff                          0x0800557d   Thumb Code    76  deca_device.o(i.dwt_forcetrxoff)
    dwt_initialise                           0x080055d1   Thumb Code   244  deca_device.o(i.dwt_initialise)
    dwt_isr                                  0x080056d1   Thumb Code   358  deca_device.o(i.dwt_isr)
    dwt_read16bitoffsetreg                   0x08005841   Thumb Code    38  deca_device.o(i.dwt_read16bitoffsetreg)
    dwt_read32bitoffsetreg                   0x08005867   Thumb Code    42  deca_device.o(i.dwt_read32bitoffsetreg)
    dwt_read8bitoffsetreg                    0x08005891   Thumb Code    24  deca_device.o(i.dwt_read8bitoffsetreg)
    dwt_readdevid                            0x080058a9   Thumb Code    12  deca_device.o(i.dwt_readdevid)
    dwt_readfromdevice                       0x080058b5   Thumb Code    80  deca_device.o(i.dwt_readfromdevice)
    dwt_readrxdata                           0x08005905   Thumb Code    22  deca_device.o(i.dwt_readrxdata)
    dwt_rxenable                             0x0800591b   Thumb Code   102  deca_device.o(i.dwt_rxenable)
    dwt_rxreset                              0x08005981   Thumb Code    24  deca_device.o(i.dwt_rxreset)
    dwt_setaddress16                         0x08005999   Thumb Code    16  deca_device.o(i.dwt_setaddress16)
    dwt_setcallbacks                         0x080059a9   Thumb Code    14  deca_device.o(i.dwt_setcallbacks)
    dwt_seteui                               0x080059bd   Thumb Code    18  deca_device.o(i.dwt_seteui)
    dwt_setinterrupt                         0x080059cf   Thumb Code    58  deca_device.o(i.dwt_setinterrupt)
    dwt_setleds                              0x08005a09   Thumb Code   164  deca_device.o(i.dwt_setleds)
    dwt_setlnapamode                         0x08005aad   Thumb Code    58  deca_device.o(i.dwt_setlnapamode)
    dwt_setpanid                             0x08005ae7   Thumb Code    16  deca_device.o(i.dwt_setpanid)
    dwt_setrxaftertxdelay                    0x08005af7   Thumb Code    36  deca_device.o(i.dwt_setrxaftertxdelay)
    dwt_setrxantennadelay                    0x08005b1d   Thumb Code    16  deca_device.o(i.dwt_setrxantennadelay)
    dwt_setrxtimeout                         0x08005b31   Thumb Code    90  deca_device.o(i.dwt_setrxtimeout)
    dwt_settxantennadelay                    0x08005b91   Thumb Code    16  deca_device.o(i.dwt_settxantennadelay)
    dwt_setxtaltrim                          0x08005ba1   Thumb Code    26  deca_device.o(i.dwt_setxtaltrim)
    dwt_softreset                            0x08005bbd   Thumb Code    64  deca_device.o(i.dwt_softreset)
    dwt_starttx                              0x08005c01   Thumb Code   122  deca_device.o(i.dwt_starttx)
    dwt_syncrxbufptrs                        0x08005c81   Thumb Code    38  deca_device.o(i.dwt_syncrxbufptrs)
    dwt_write16bitoffsetreg                  0x08005ca7   Thumb Code    30  deca_device.o(i.dwt_write16bitoffsetreg)
    dwt_write32bitoffsetreg                  0x08005cc5   Thumb Code    38  deca_device.o(i.dwt_write32bitoffsetreg)
    dwt_write8bitoffsetreg                   0x08005ceb   Thumb Code    20  deca_device.o(i.dwt_write8bitoffsetreg)
    dwt_writetodevice                        0x08005cff   Thumb Code   100  deca_device.o(i.dwt_writetodevice)
    dwt_writetxdata                          0x08005d63   Thumb Code    40  deca_device.o(i.dwt_writetxdata)
    dwt_writetxfctrl                         0x08005d8d   Thumb Code    36  deca_device.o(i.dwt_writetxfctrl)
    fputc                                    0x08005db5   Thumb Code    26  stm32f0xx_hal_msp.o(i.fputc)
    going                                    0x08005dd5   Thumb Code     8  testing.o(i.going)
    main                                     0x08005de1   Thumb Code   138  main.o(i.main)
    malloc                                   0x08005e95   Thumb Code    92  malloc.o(i.malloc)
    mpu_configure_fifo                       0x08005f01   Thumb Code   124  inv_mpu.o(i.mpu_configure_fifo)
    mpu_get_accel_sens                       0x08005f81   Thumb Code    82  inv_mpu.o(i.mpu_get_accel_sens)
    mpu_init                                 0x08005fd9   Thumb Code   314  inv_mpu.o(i.mpu_init)
    mpu_lp_accel_mode                        0x08006119   Thumb Code   286  inv_mpu.o(i.mpu_lp_accel_mode)
    mpu_reset_fifo                           0x0800623d   Thumb Code   484  inv_mpu.o(i.mpu_reset_fifo)
    mpu_set_accel_fsr                        0x08006425   Thumb Code   128  inv_mpu.o(i.mpu_set_accel_fsr)
    mpu_set_bypass                           0x080064a9   Thumb Code   348  inv_mpu.o(i.mpu_set_bypass)
    mpu_set_compass_sample_rate              0x08006609   Thumb Code    98  inv_mpu.o(i.mpu_set_compass_sample_rate)
    mpu_set_gyro_fsr                         0x08006671   Thumb Code   142  inv_mpu.o(i.mpu_set_gyro_fsr)
    mpu_set_int_latched                      0x08006705   Thumb Code   110  inv_mpu.o(i.mpu_set_int_latched)
    mpu_set_lpf                              0x08006779   Thumb Code   128  inv_mpu.o(i.mpu_set_lpf)
    mpu_set_sample_rate                      0x080067fd   Thumb Code   184  inv_mpu.o(i.mpu_set_sample_rate)
    mpu_set_sensors                          0x080068b9   Thumb Code   382  inv_mpu.o(i.mpu_set_sensors)
    mpu_write_mem                            0x08006a3d   Thumb Code   120  inv_mpu.o(i.mpu_write_mem)
    port_set_deca_isr                        0x08006ab9   Thumb Code     6  dw1000.o(i.port_set_deca_isr)
    read_addr                                0x08006ac5   Thumb Code     6  usmart.o(i.read_addr)
    readfromspi                              0x08006acd   Thumb Code    82  deca_spi.o(i.readfromspi)
    reset_DW1000                             0x08006b29   Thumb Code    66  dw1000.o(i.reset_DW1000)
    rx_err_cb                                0x08006b71   Thumb Code    12  deca_callback.o(i.rx_err_cb)
    rx_ok_cb                                 0x08006b7d   Thumb Code   116  deca_callback.o(i.rx_ok_cb)
    rx_to_cb                                 0x08006c01   Thumb Code     8  deca_callback.o(i.rx_to_cb)
    testI2C                                  0x08007109   Thumb Code   188  testing.o(i.testI2C)
    tx_conf_cb                               0x08007215   Thumb Code     8  deca_callback.o(i.tx_conf_cb)
    unlockflash                              0x08007221   Thumb Code    12  testing.o(i.unlockflash)
    usmart_cmd_rec                           0x0800724d   Thumb Code   176  usmart.o(i.usmart_cmd_rec)
    usmart_exe                               0x08007301   Thumb Code   672  usmart.o(i.usmart_exe)
    usmart_get_aparm                         0x080075fd   Thumb Code   214  usmart_str.o(i.usmart_get_aparm)
    usmart_get_cmdname                       0x080076d3   Thumb Code    54  usmart_str.o(i.usmart_get_cmdname)
    usmart_get_fname                         0x08007709   Thumb Code   462  usmart_str.o(i.usmart_get_fname)
    usmart_get_fparam                        0x080078e1   Thumb Code   266  usmart_str.o(i.usmart_get_fparam)
    usmart_get_parmpos                       0x080079f1   Thumb Code    26  usmart_str.o(i.usmart_get_parmpos)
    usmart_get_runtime                       0x08007a11   Thumb Code    42  usmart.o(i.usmart_get_runtime)
    usmart_init                              0x08007a49   Thumb Code     8  usmart.o(i.usmart_init)
    usmart_pow                               0x08007a55   Thumb Code    26  usmart_str.o(i.usmart_pow)
    usmart_reset_runtime                     0x08007a71   Thumb Code    28  usmart.o(i.usmart_reset_runtime)
    usmart_scan                              0x08007a99   Thumb Code   136  usmart.o(i.usmart_scan)
    usmart_search_nextc                      0x08007b65   Thumb Code    22  usmart_str.o(i.usmart_search_nextc)
    usmart_str2num                           0x08007b7b   Thumb Code   208  usmart_str.o(i.usmart_str2num)
    usmart_strcmp                            0x08007c4b   Thumb Code    36  usmart_str.o(i.usmart_strcmp)
    usmart_strcopy                           0x08007c6f   Thumb Code    24  usmart_str.o(i.usmart_strcopy)
    usmart_strlen                            0x08007c87   Thumb Code    26  usmart_str.o(i.usmart_strlen)
    usmart_sys_cmd_exe                       0x08007ca1   Thumb Code  1566  usmart.o(i.usmart_sys_cmd_exe)
    write_addr                               0x08008395   Thumb Code     4  usmart.o(i.write_addr)
    writetospi                               0x08008399   Thumb Code   104  deca_spi.o(i.writetospi)
    AHBPrescTable                            0x08008408   Data          16  system_stm32f0xx.o(.constdata)
    APBPrescTable                            0x08008418   Data           8  system_stm32f0xx.o(.constdata)
    chan_idx                                 0x08008420   Data           8  deca_params_init.o(.constdata)
    tx_config                                0x08008428   Data          24  deca_params_init.o(.constdata)
    fs_pll_cfg                               0x08008440   Data          24  deca_params_init.o(.constdata)
    fs_pll_tune                              0x08008458   Data           6  deca_params_init.o(.constdata)
    rx_config                                0x0800845e   Data           2  deca_params_init.o(.constdata)
    agc_config                               0x08008460   Data           8  deca_params_init.o(.constdata)
    dwnsSFDlen                               0x08008468   Data           3  deca_params_init.o(.constdata)
    sftsh                                    0x0800846c   Data          12  deca_params_init.o(.constdata)
    dtune1                                   0x08008478   Data           4  deca_params_init.o(.constdata)
    digital_bb_config                        0x0800847c   Data          32  deca_params_init.o(.constdata)
    lde_replicaCoeff                         0x0800849c   Data          50  deca_params_init.o(.constdata)
    TX_ADDRESS                               0x080084ce   Data           5  rf24l01.o(.constdata)
    RX_ADDRESS                               0x080084d3   Data           5  rf24l01.o(.constdata)
    ismpu_calib                              0x080084d8   Data           1  mpu9250.o(.constdata)
    gyro_bias_cst                            0x080084dc   Data          12  mpu9250.o(.constdata)
    accel_bias_cst                           0x080084e8   Data          12  mpu9250.o(.constdata)
    reg                                      0x080084fc   Data          42  inv_mpu.o(.constdata)
    hw                                       0x08008526   Data          14  inv_mpu.o(.constdata)
    test                                     0x08008534   Data          48  inv_mpu.o(.constdata)
    Region$$Table$$Base                      0x0800889c   Number         0  anon$$obj.o(Region$$Table)
    Region$$Table$$Limit                     0x080088bc   Number         0  anon$$obj.o(Region$$Table)
    uwTick                                   0x20000000   Data           4  stm32f0xx_hal.o(.data)
    SystemCoreClock                          0x20000004   Data           4  system_stm32f0xx.o(.data)
    Acaddrtable                              0x20000014   Data          10  main.o(.data)
    sys_config                               0x20000020   Data          24  main.o(.data)
    aTxBuffer                                0x20000042   Data           1  main.o(.data)
    aRxBuffer                                0x20000043   Data           1  main.o(.data)
    SenLsta                                  0x20000044   Data           1  main.o(.data)
    SenRsta                                  0x20000045   Data           1  main.o(.data)
    USART_tmp                                0x20000046   Data           1  main.o(.data)
    localtime                                0x20000048   Data           4  main.o(.data)
    tx_poll_msg                              0x2000004c   Data          20  main.o(.data)
    dw_txseq_num                             0x20000060   Data           1  main.o(.data)
    USART_STA                                0x20000062   Data           2  main.o(.data)
    ACtime                                   0x20000064   Data           4  main.o(.data)
    newdata                                  0x20000068   Data           1  main.o(.data)
    dwiswake                                 0x20000069   Data           1  main.o(.data)
    TBsynctime                               0x2000006a   Data           2  main.o(.data)
    tim14_int                                0x2000006c   Data           1  main.o(.data)
    newdatacnt                               0x2000006e   Data           2  main.o(.data)
    pmag_sens_adj                            0x20000070   Data           4  main.o(.data)
    K_matrix                                 0x20000074   Data          36  main.o(.data)
    B_matrix                                 0x20000098   Data          12  main.o(.data)
    accelbias                                0x200000a4   Data          12  main.o(.data)
    triggle                                  0x200000b0   Data           1  main.o(.data)
    tmp                                      0x200000b1   Data           5  main.o(.data)
    time_record                              0x200000d4   Data           4  testing.o(.data)
    timestack_cnt                            0x200000d8   Data           2  testing.o(.data)
    tx_timestamp                             0x200000e0   Data           8  deca_callback.o(.data)
    rx_timestamp                             0x200000e8   Data           8  deca_callback.o(.data)
    isframe_sent                             0x200000f0   Data           1  deca_callback.o(.data)
    istxframe_acked                          0x200000f1   Data           1  deca_callback.o(.data)
    isreceive_To                             0x200000f2   Data           1  deca_callback.o(.data)
    isframe_rec                              0x200000f3   Data           1  deca_callback.o(.data)
    isack_sent                               0x200000f4   Data           1  deca_callback.o(.data)
    port_deca_isr                            0x200000f8   Data           4  dw1000.o(.data)
    nrfsta                                   0x200000fc   Data           1  rf24l01.o(.data)
    TransCop                                 0x200000fd   Data           1  rf24l01.o(.data)
    sys_cmd_tab                              0x20000100   Data          28  usmart.o(.data)
    usmart_nametab                           0x2000011c   Data          72  usmart_config.o(.data)
    usmart_dev                               0x20000164   Data         244  usmart_config.o(.data)
    __stdout                                 0x20000290   Data           4  stdout.o(.data)
    __microlib_freelist                      0x20000294   Data           4  mvars.o(.data)
    __microlib_freelist_initialised          0x20000298   Data           4  mvars.o(.data)
    hspi1                                    0x2000029c   Data         100  main.o(.bss)
    hspi2                                    0x20000300   Data         100  main.o(.bss)
    htim14                                   0x20000364   Data          60  main.o(.bss)
    huart1                                   0x200003a0   Data         112  main.o(.bss)
    IwdgHandle                               0x20000410   Data          20  main.o(.bss)
    hrtc                                     0x20000424   Data          32  main.o(.bss)
    Tx_Buffer                                0x20000444   Data          33  main.o(.bss)
    Rx_Buffer                                0x20000465   Data          33  main.o(.bss)
    nrf_Tx_Buffer                            0x20000486   Data          33  main.o(.bss)
    nrf_Rx_Buffer                            0x200004a7   Data          33  main.o(.bss)
    MPUdatabuff                              0x200004c8   Data         165  main.o(.bss)
    usart_rx_buff                            0x2000056d   Data          64  main.o(.bss)
    time_stack                               0x200005f8   Data          40  testing.o(.bss)
    rx_buffer                                0x20000620   Data          35  deca_callback.o(.bss)
    __heap_base                              0x20000698   Data           0  startup_stm32f072xb.o(HEAP)
    __heap_limit                             0x20000a98   Data           0  startup_stm32f072xb.o(HEAP)
    __initial_sp                             0x20000e98   Data           0  startup_stm32f072xb.o(STACK)



==============================================================================

Memory Map of the image

  Image Entry point : 0x080000c1

  Load Region LR_IROM1 (Base: 0x08000000, Size: 0x00008b58, Max: 0x00020000, ABSOLUTE, COMPRESSED[0x000089c0])

    Execution Region ER_IROM1 (Base: 0x08000000, Size: 0x000088bc, Max: 0x00020000, ABSOLUTE)

    Base Addr    Size         Type   Attr      Idx    E Section Name        Object

    0x08000000   0x000000c0   Data   RO         3418    RESET               startup_stm32f072xb.o
    0x080000c0   0x00000000   Code   RO         5710  * .ARM.Collect$$$$00000000  mc_p.l(entry.o)
    0x080000c0   0x00000004   Code   RO         6060    .ARM.Collect$$$$00000001  mc_p.l(entry2.o)
    0x080000c4   0x00000004   Code   RO         6063    .ARM.Collect$$$$00000004  mc_p.l(entry5.o)
    0x080000c8   0x00000000   Code   RO         6065    .ARM.Collect$$$$00000008  mc_p.l(entry7b.o)
    0x080000c8   0x00000000   Code   RO         6067    .ARM.Collect$$$$0000000A  mc_p.l(entry8b.o)
    0x080000c8   0x00000008   Code   RO         6068    .ARM.Collect$$$$0000000B  mc_p.l(entry9a.o)
    0x080000d0   0x00000000   Code   RO         6070    .ARM.Collect$$$$0000000D  mc_p.l(entry10a.o)
    0x080000d0   0x00000000   Code   RO         6072    .ARM.Collect$$$$0000000F  mc_p.l(entry11a.o)
    0x080000d0   0x00000004   Code   RO         6061    .ARM.Collect$$$$00002712  mc_p.l(entry2.o)
    0x080000d4   0x0000001c   Code   RO         3419    .text               startup_stm32f072xb.o
    0x080000f0   0x0000002c   Code   RO         5713    .text               mc_p.l(uidiv.o)
    0x0800011c   0x00000028   Code   RO         5715    .text               mc_p.l(idiv.o)
    0x08000144   0x0000007a   Code   RO         5719    .text               mc_p.l(llmul.o)
    0x080001be   0x00000022   Code   RO         5721    .text               mc_p.l(llushr.o)
    0x080001e0   0x00000024   Code   RO         5723    .text               mc_p.l(memcpya.o)
    0x08000204   0x00000024   Code   RO         5725    .text               mc_p.l(memseta.o)
    0x08000228   0x00000164   Code   RO         6026    .text               mf_p.l(dadd.o)
    0x0800038c   0x000000d0   Code   RO         6028    .text               mf_p.l(dmul.o)
    0x0800045c   0x000000f0   Code   RO         6030    .text               mf_p.l(ddiv.o)
    0x0800054c   0x0000001c   Code   RO         6038    .text               mf_p.l(dfltui.o)
    0x08000568   0x00000028   Code   RO         6052    .text               mf_p.l(cdrcmple.o)
    0x08000590   0x00000060   Code   RO         6075    .text               mc_p.l(uldiv.o)
    0x080005f0   0x00000020   Code   RO         6077    .text               mc_p.l(llshl.o)
    0x08000610   0x00000026   Code   RO         6079    .text               mc_p.l(llsshr.o)
    0x08000636   0x00000000   Code   RO         6090    .text               mc_p.l(iusefp.o)
    0x08000636   0x000000be   Code   RO         6093    .text               mf_p.l(depilogue.o)
    0x080006f4   0x00000040   Code   RO         6099    .text               mf_p.l(dfixul.o)
    0x08000734   0x00000024   Code   RO         6101    .text               mc_p.l(init.o)
    0x08000758   0x00000056   Code   RO         6111    .text               mc_p.l(__dczerorl2.o)
    0x080007ae   0x00000002   PAD
    0x080007b0   0x0000005c   Code   RO         3833    i.Delay_ms          delay.o
    0x0800080c   0x00000058   Code   RO         3834    i.Delay_us          delay.o
    0x08000864   0x00000058   Code   RO         3425    i.EXTI2_3_IRQHandler  stm32f0xx_it.o
    0x080008bc   0x00000058   Code   RO         3635    i.EXTI2_3_IRQHandler_Config  main.o
    0x08000914   0x00000048   Code   RO         3426    i.EXTI4_15_IRQHandler  stm32f0xx_it.o
    0x0800095c   0x00000058   Code   RO         3636    i.EXTI4_15_IRQHandler_Config  main.o
    0x080009b4   0x00000014   Code   RO         3637    i.Error_Handler     main.o
    0x080009c8   0x0000000c   Code   RO         3835    i.HAL_Delay         delay.o
    0x080009d4   0x000001fc   Code   RO         1728    i.HAL_GPIO_Init     stm32f0xx_hal_gpio.o
    0x08000bd0   0x00000012   Code   RO         1730    i.HAL_GPIO_ReadPin  stm32f0xx_hal_gpio.o
    0x08000be2   0x0000000c   Code   RO         1732    i.HAL_GPIO_WritePin  stm32f0xx_hal_gpio.o
    0x08000bee   0x00000002   PAD
    0x08000bf0   0x0000000c   Code   RO         2041    i.HAL_GetTick       stm32f0xx_hal.o
    0x08000bfc   0x00000010   Code   RO         2042    i.HAL_IncTick       stm32f0xx_hal.o
    0x08000c0c   0x00000020   Code   RO         2043    i.HAL_Init          stm32f0xx_hal.o
    0x08000c2c   0x00000026   Code   RO         2044    i.HAL_InitTick      stm32f0xx_hal.o
    0x08000c52   0x00000002   PAD
    0x08000c54   0x00000044   Code   RO         3559    i.HAL_MspInit       stm32f0xx_hal_msp.o
    0x08000c98   0x00000018   Code   RO         2583    i.HAL_NVIC_EnableIRQ  stm32f0xx_hal_cortex.o
    0x08000cb0   0x00000012   Code   RO         2587    i.HAL_NVIC_SetPriority  stm32f0xx_hal_cortex.o
    0x08000cc2   0x00000002   PAD
    0x08000cc4   0x000001a4   Code   RO         1798    i.HAL_RCCEx_PeriphCLKConfig  stm32f0xx_hal_rcc_ex.o
    0x08000e68   0x00000002   Code   RO         1873    i.HAL_RCC_CSSCallback  stm32f0xx_hal_rcc.o
    0x08000e6a   0x00000002   PAD
    0x08000e6c   0x000001d0   Code   RO         1874    i.HAL_RCC_ClockConfig  stm32f0xx_hal_rcc.o
    0x0800103c   0x0000000c   Code   RO         1879    i.HAL_RCC_GetHCLKFreq  stm32f0xx_hal_rcc.o
    0x08001048   0x00000024   Code   RO         1881    i.HAL_RCC_GetPCLK1Freq  stm32f0xx_hal_rcc.o
    0x0800106c   0x000000f0   Code   RO         1882    i.HAL_RCC_GetSysClockFreq  stm32f0xx_hal_rcc.o
    0x0800115c   0x00000020   Code   RO         1884    i.HAL_RCC_NMI_IRQHandler  stm32f0xx_hal_rcc.o
    0x0800117c   0x00000600   Code   RO         1885    i.HAL_RCC_OscConfig  stm32f0xx_hal_rcc.o
    0x0800177c   0x00000138   Code   RO         3154    i.HAL_RTCEx_SetWakeUpTimer_IT  stm32f0xx_hal_rtc_ex.o
    0x080018b4   0x00000002   Code   RO         3160    i.HAL_RTCEx_WakeUpTimerEventCallback  stm32f0xx_hal_rtc_ex.o
    0x080018b6   0x00000002   PAD
    0x080018b8   0x00000050   Code   RO         3161    i.HAL_RTCEx_WakeUpTimerIRQHandler  stm32f0xx_hal_rtc_ex.o
    0x08001908   0x000000bc   Code   RO         3003    i.HAL_RTC_Init      stm32f0xx_hal_rtc.o
    0x080019c4   0x00000034   Code   RO         3561    i.HAL_RTC_MspInit   stm32f0xx_hal_msp.o
    0x080019f8   0x0000011c   Code   RO         3009    i.HAL_RTC_SetDate   stm32f0xx_hal_rtc.o
    0x08001b14   0x00000144   Code   RO         3010    i.HAL_RTC_SetTime   stm32f0xx_hal_rtc.o
    0x08001c58   0x0000003c   Code   RO         3011    i.HAL_RTC_WaitForSynchro  stm32f0xx_hal_rtc.o
    0x08001c94   0x0000002e   Code   RO         2975    i.HAL_SPIEx_FlushRxFifo  stm32f0xx_hal_spi_ex.o
    0x08001cc2   0x00000002   PAD
    0x08001cc4   0x000000f0   Code   RO         2683    i.HAL_SPI_Init      stm32f0xx_hal_spi.o
    0x08001db4   0x000000a4   Code   RO         3563    i.HAL_SPI_MspInit   stm32f0xx_hal_msp.o
    0x08001e58   0x000002c0   Code   RO         2686    i.HAL_SPI_Receive   stm32f0xx_hal_spi.o
    0x08002118   0x000001cc   Code   RO         2691    i.HAL_SPI_Transmit  stm32f0xx_hal_spi.o
    0x080022e4   0x00000384   Code   RO         2692    i.HAL_SPI_TransmitReceive  stm32f0xx_hal_spi.o
    0x08002668   0x00000024   Code   RO         2589    i.HAL_SYSTICK_CLKSourceConfig  stm32f0xx_hal_cortex.o
    0x0800268c   0x00000002   Code   RO         2590    i.HAL_SYSTICK_Callback  stm32f0xx_hal_cortex.o
    0x0800268e   0x00000002   PAD
    0x08002690   0x00000038   Code   RO         2591    i.HAL_SYSTICK_Config  stm32f0xx_hal_cortex.o
    0x080026c8   0x00000008   Code   RO         2592    i.HAL_SYSTICK_IRQHandler  stm32f0xx_hal_cortex.o
    0x080026d0   0x00000002   Code   RO         2254    i.HAL_TIMEx_BreakCallback  stm32f0xx_hal_tim_ex.o
    0x080026d2   0x00000002   Code   RO         2255    i.HAL_TIMEx_CommutationCallback  stm32f0xx_hal_tim_ex.o
    0x080026d4   0x00000038   Code   RO            5    i.HAL_TIM_Base_Init  stm32f0xx_hal_tim.o
    0x0800270c   0x0000004c   Code   RO         3565    i.HAL_TIM_Base_MspInit  stm32f0xx_hal_msp.o
    0x08002758   0x0000001e   Code   RO           10    i.HAL_TIM_Base_Start_IT  stm32f0xx_hal_tim.o
    0x08002776   0x00000002   Code   RO           34    i.HAL_TIM_IC_CaptureCallback  stm32f0xx_hal_tim.o
    0x08002778   0x000001c8   Code   RO           47    i.HAL_TIM_IRQHandler  stm32f0xx_hal_tim.o
    0x08002940   0x00000002   Code   RO           50    i.HAL_TIM_OC_DelayElapsedCallback  stm32f0xx_hal_tim.o
    0x08002942   0x00000002   Code   RO           77    i.HAL_TIM_PWM_PulseFinishedCallback  stm32f0xx_hal_tim.o
    0x08002944   0x00000160   Code   RO         3427    i.HAL_TIM_PeriodElapsedCallback  stm32f0xx_it.o
    0x08002aa4   0x00000002   Code   RO           88    i.HAL_TIM_TriggerCallback  stm32f0xx_hal_tim.o
    0x08002aa6   0x00000002   Code   RO         1972    i.HAL_UARTEx_WakeupCallback  stm32f0xx_hal_uart_ex.o
    0x08002aa8   0x00000002   Code   RO          995    i.HAL_UART_ErrorCallback  stm32f0xx_hal_uart.o
    0x08002aaa   0x0000013a   Code   RO          998    i.HAL_UART_IRQHandler  stm32f0xx_hal_uart.o
    0x08002be4   0x00000082   Code   RO          999    i.HAL_UART_Init     stm32f0xx_hal_uart.o
    0x08002c66   0x00000002   PAD
    0x08002c68   0x0000006c   Code   RO         3567    i.HAL_UART_MspInit  stm32f0xx_hal_msp.o
    0x08002cd4   0x000000f8   Code   RO         1004    i.HAL_UART_Receive_IT  stm32f0xx_hal_uart.o
    0x08002dcc   0x00000060   Code   RO         3428    i.HAL_UART_RxCpltCallback  stm32f0xx_it.o
    0x08002e2c   0x000000e2   Code   RO         1007    i.HAL_UART_Transmit  stm32f0xx_hal_uart.o
    0x08002f0e   0x00000002   Code   RO         1010    i.HAL_UART_TxCpltCallback  stm32f0xx_hal_uart.o
    0x08002f10   0x00000004   Code   RO         3429    i.HardFault_Handler  stm32f0xx_it.o
    0x08002f14   0x00000088   Code   RO         5594    i.I2C_ReadRegister_9250  i2c.o
    0x08002f9c   0x00000068   Code   RO         5595    i.I2C_WriteRegister_9250  i2c.o
    0x08003004   0x00000038   Code   RO         5596    i.IIC_Ack           i2c.o
    0x0800303c   0x0000002c   Code   RO         5597    i.IIC_NAck          i2c.o
    0x08003068   0x00000054   Code   RO         5598    i.IIC_Read_Byte     i2c.o
    0x080030bc   0x00000058   Code   RO         5599    i.IIC_Send_Byte     i2c.o
    0x08003114   0x00000038   Code   RO         5600    i.IIC_Start         i2c.o
    0x0800314c   0x00000038   Code   RO         5601    i.IIC_Stop          i2c.o
    0x08003184   0x0000004c   Code   RO         5602    i.IIC_Wait_Ack      i2c.o
    0x080031d0   0x00000124   Code   RO         5012    i.MPU9250_Init      mpu9250.o
    0x080032f4   0x0000000c   Code   RO         5014    i.MPU_enable        mpu9250.o
    0x08003300   0x000001a4   Code   RO         3640    i.MX_GPIO_Init      main.o
    0x080034a4   0x00000090   Code   RO         3641    i.MX_RTC_Init       main.o
    0x08003534   0x00000054   Code   RO         3642    i.MX_SPI2_Init      main.o
    0x08003588   0x00000044   Code   RO         3643    i.MX_TIM14_Init     main.o
    0x080035cc   0x00000044   Code   RO         3644    i.MX_USART1_UART_Init  main.o
    0x08003610   0x00000008   Code   RO         3430    i.NMI_Handler       stm32f0xx_it.o
    0x08003618   0x00000074   Code   RO         4750    i.NRF24L01_RX_Mode  rf24l01.o
    0x0800368c   0x00000028   Code   RO         4752    i.NRF24L01_Read_Reg  rf24l01.o
    0x080036b4   0x00000080   Code   RO         4754    i.NRF24L01_TX_Mode  rf24l01.o
    0x08003734   0x00000040   Code   RO         4756    i.NRF24L01_Write_Buf  rf24l01.o
    0x08003774   0x00000030   Code   RO         4757    i.NRF24L01_Write_Reg  rf24l01.o
    0x080037a4   0x0000008c   Code   RO         3880    i.NRF_Test          testing.o
    0x08003830   0x00000078   Code   RO         2593    i.NVIC_SetPriority  stm32f0xx_hal_cortex.o
    0x080038a8   0x00000002   Code   RO         3431    i.PendSV_Handler    stm32f0xx_it.o
    0x080038aa   0x0000001a   Code   RO         3012    i.RTC_Bcd2ToByte    stm32f0xx_hal_rtc.o
    0x080038c4   0x0000001a   Code   RO         3013    i.RTC_ByteToBcd2    stm32f0xx_hal_rtc.o
    0x080038de   0x00000042   Code   RO         3014    i.RTC_EnterInitMode  stm32f0xx_hal_rtc.o
    0x08003920   0x00000010   Code   RO         3432    i.RTC_IRQHandler    stm32f0xx_it.o
    0x08003930   0x00000020   Code   RO         3881    i.Read_status       testing.o
    0x08003950   0x00000088   Code   RO         2717    i.SPI_EndRxTransaction  stm32f0xx_hal_spi.o
    0x080039d8   0x00000044   Code   RO         2718    i.SPI_EndRxTxTransaction  stm32f0xx_hal_spi.o
    0x08003a1c   0x00000030   Code   RO         4758    i.SPI_RF_SendByte   rf24l01.o
    0x08003a4c   0x000000c0   Code   RO         2725    i.SPI_WaitFifoStateUntilTimeout  stm32f0xx_hal_spi.o
    0x08003b0c   0x000000ac   Code   RO         2726    i.SPI_WaitFlagStateUntilTimeout  stm32f0xx_hal_spi.o
    0x08003bb8   0x00000002   Code   RO         3433    i.SVC_Handler       stm32f0xx_it.o
    0x08003bba   0x00000002   PAD
    0x08003bbc   0x00000060   Code   RO         3883    i.ShowTimeStack     testing.o
    0x08003c1c   0x0000000a   Code   RO         3884    i.Start_dwrx        testing.o
    0x08003c26   0x0000000c   Code   RO         3434    i.SysTick_Handler   stm32f0xx_it.o
    0x08003c32   0x0000008e   Code   RO         3647    i.SystemClock_Config  main.o
    0x08003cc0   0x00000078   Code   RO         3386    i.SystemInit        system_stm32f0xx.o
    0x08003d38   0x00000010   Code   RO         3435    i.TIM14_IRQHandler  stm32f0xx_it.o
    0x08003d48   0x000000a4   Code   RO           89    i.TIM_Base_SetConfig  stm32f0xx_hal_tim.o
    0x08003dec   0x000000f0   Code   RO         1012    i.UART_AdvFeatureConfig  stm32f0xx_hal_uart.o
    0x08003edc   0x0000007c   Code   RO         1013    i.UART_CheckIdleState  stm32f0xx_hal_uart.o
    0x08003f58   0x00000020   Code   RO         1019    i.UART_EndTransmit_IT  stm32f0xx_hal_uart.o
    0x08003f78   0x0000009c   Code   RO         1020    i.UART_Receive_IT   stm32f0xx_hal_uart.o
    0x08004014   0x00000234   Code   RO         1021    i.UART_SetConfig    stm32f0xx_hal_uart.o
    0x08004248   0x00000072   Code   RO         1022    i.UART_Transmit_IT  stm32f0xx_hal_uart.o
    0x080042ba   0x00000106   Code   RO         1023    i.UART_WaitOnFlagUntilTimeout  stm32f0xx_hal_uart.o
    0x080043c0   0x00000034   Code   RO         3436    i.USART1_IRQHandler  stm32f0xx_it.o
    0x080043f4   0x00000020   Code   RO         5964    i.__0printf         mc_p.l(printfa.o)
    0x08004414   0x0000002e   Code   RO         6095    i.__ARM_clz         mf_p.l(depilogue.o)
    0x08004442   0x00000030   Code   RO         5581    i.__ARM_common_ll_mulss  inv_mpu_dmp_motion_driver.o
    0x08004472   0x0000001c   Code   RO          637    i.__ARM_common_switch8  stm32f0xx_hal_tim.o
    0x0800448e   0x0000000e   Code   RO         6105    i.__scatterload_copy  mc_p.l(handlers.o)
    0x0800449c   0x00000002   Code   RO         6106    i.__scatterload_null  mc_p.l(handlers.o)
    0x0800449e   0x0000000e   Code   RO         6107    i.__scatterload_zeroinit  mc_p.l(handlers.o)
    0x080044ac   0x00000018   Code   RO         4192    i._dwt_aonarrayupload  deca_device.o
    0x080044c4   0x0000003c   Code   RO         4194    i._dwt_configlde    deca_device.o
    0x08004500   0x00000014   Code   RO         4195    i._dwt_disablesequencing  deca_device.o
    0x08004514   0x000000ec   Code   RO         4196    i._dwt_enableclocks  deca_device.o
    0x08004600   0x00000022   Code   RO         4197    i._dwt_loaducodefromrom  deca_device.o
    0x08004622   0x00000030   Code   RO         4199    i._dwt_otpread      deca_device.o
    0x08004652   0x00000002   PAD
    0x08004654   0x00000158   Code   RO         5971    i._fp_digits        mc_p.l(printfa.o)
    0x080047ac   0x000006ec   Code   RO         5972    i._printf_core      mc_p.l(printfa.o)
    0x08004e98   0x00000020   Code   RO         5973    i._printf_post_padding  mc_p.l(printfa.o)
    0x08004eb8   0x0000002c   Code   RO         5974    i._printf_pre_padding  mc_p.l(printfa.o)
    0x08004ee4   0x0000000c   Code   RO         4070    i.deca_sleep        deca_sleep.o
    0x08004ef0   0x00000008   Code   RO         4044    i.decamutexoff      deca_mutex.o
    0x08004ef8   0x00000006   Code   RO         4045    i.decamutexon       deca_mutex.o
    0x08004efe   0x00000002   PAD
    0x08004f00   0x00000048   Code   RO         3836    i.delay_init        delay.o
    0x08004f48   0x00000160   Code   RO         5415    i.dmp_set_accel_bias  inv_mpu_dmp_motion_driver.o
    0x080050a8   0x00000144   Code   RO         5417    i.dmp_set_gyro_bias  inv_mpu_dmp_motion_driver.o
    0x080051ec   0x0000012c   Code   RO         3653    i.dw1000_init       main.o
    0x08005318   0x0000023c   Code   RO         4206    i.dwt_configure     deca_device.o
    0x08005554   0x00000028   Code   RO         4207    i.dwt_configuresleep  deca_device.o
    0x0800557c   0x00000054   Code   RO         4214    i.dwt_forcetrxoff   deca_device.o
    0x080055d0   0x00000100   Code   RO         4219    i.dwt_initialise    deca_device.o
    0x080056d0   0x00000170   Code   RO         4220    i.dwt_isr           deca_device.o
    0x08005840   0x00000026   Code   RO         4226    i.dwt_read16bitoffsetreg  deca_device.o
    0x08005866   0x0000002a   Code   RO         4227    i.dwt_read32bitoffsetreg  deca_device.o
    0x08005890   0x00000018   Code   RO         4228    i.dwt_read8bitoffsetreg  deca_device.o
    0x080058a8   0x0000000c   Code   RO         4230    i.dwt_readdevid     deca_device.o
    0x080058b4   0x00000050   Code   RO         4233    i.dwt_readfromdevice  deca_device.o
    0x08005904   0x00000016   Code   RO         4234    i.dwt_readrxdata    deca_device.o
    0x0800591a   0x00000066   Code   RO         4246    i.dwt_rxenable      deca_device.o
    0x08005980   0x00000018   Code   RO         4247    i.dwt_rxreset       deca_device.o
    0x08005998   0x00000010   Code   RO         4248    i.dwt_setaddress16  deca_device.o
    0x080059a8   0x00000014   Code   RO         4249    i.dwt_setcallbacks  deca_device.o
    0x080059bc   0x00000012   Code   RO         4252    i.dwt_seteui        deca_device.o
    0x080059ce   0x0000003a   Code   RO         4256    i.dwt_setinterrupt  deca_device.o
    0x08005a08   0x000000a4   Code   RO         4257    i.dwt_setleds       deca_device.o
    0x08005aac   0x0000003a   Code   RO         4258    i.dwt_setlnapamode  deca_device.o
    0x08005ae6   0x00000010   Code   RO         4260    i.dwt_setpanid      deca_device.o
    0x08005af6   0x00000024   Code   RO         4262    i.dwt_setrxaftertxdelay  deca_device.o
    0x08005b1a   0x00000002   PAD
    0x08005b1c   0x00000014   Code   RO         4263    i.dwt_setrxantennadelay  deca_device.o
    0x08005b30   0x00000060   Code   RO         4264    i.dwt_setrxtimeout  deca_device.o
    0x08005b90   0x00000010   Code   RO         4268    i.dwt_settxantennadelay  deca_device.o
    0x08005ba0   0x0000001a   Code   RO         4269    i.dwt_setxtaltrim   deca_device.o
    0x08005bba   0x00000002   PAD
    0x08005bbc   0x00000044   Code   RO         4270    i.dwt_softreset     deca_device.o
    0x08005c00   0x00000080   Code   RO         4272    i.dwt_starttx       deca_device.o
    0x08005c80   0x00000026   Code   RO         4273    i.dwt_syncrxbufptrs  deca_device.o
    0x08005ca6   0x0000001e   Code   RO         4274    i.dwt_write16bitoffsetreg  deca_device.o
    0x08005cc4   0x00000026   Code   RO         4275    i.dwt_write32bitoffsetreg  deca_device.o
    0x08005cea   0x00000014   Code   RO         4276    i.dwt_write8bitoffsetreg  deca_device.o
    0x08005cfe   0x00000064   Code   RO         4277    i.dwt_writetodevice  deca_device.o
    0x08005d62   0x00000028   Code   RO         4278    i.dwt_writetxdata   deca_device.o
    0x08005d8a   0x00000002   PAD
    0x08005d8c   0x00000028   Code   RO         4279    i.dwt_writetxfctrl  deca_device.o
    0x08005db4   0x00000020   Code   RO         3568    i.fputc             stm32f0xx_hal_msp.o
    0x08005dd4   0x0000000c   Code   RO         3885    i.going             testing.o
    0x08005de0   0x000000b4   Code   RO         3657    i.main              main.o
    0x08005e94   0x0000006c   Code   RO         5993    i.malloc            mc_p.l(malloc.o)
    0x08005f00   0x00000080   Code   RO         5073    i.mpu_configure_fifo  inv_mpu.o
    0x08005f80   0x00000058   Code   RO         5076    i.mpu_get_accel_sens  inv_mpu.o
    0x08005fd8   0x00000140   Code   RO         5090    i.mpu_init          inv_mpu.o
    0x08006118   0x00000124   Code   RO         5092    i.mpu_lp_accel_mode  inv_mpu.o
    0x0800623c   0x000001e8   Code   RO         5102    i.mpu_reset_fifo    inv_mpu.o
    0x08006424   0x00000084   Code   RO         5107    i.mpu_set_accel_fsr  inv_mpu.o
    0x080064a8   0x00000160   Code   RO         5108    i.mpu_set_bypass    inv_mpu.o
    0x08006608   0x00000068   Code   RO         5109    i.mpu_set_compass_sample_rate  inv_mpu.o
    0x08006670   0x00000094   Code   RO         5112    i.mpu_set_gyro_fsr  inv_mpu.o
    0x08006704   0x00000074   Code   RO         5113    i.mpu_set_int_latched  inv_mpu.o
    0x08006778   0x00000084   Code   RO         5115    i.mpu_set_lpf       inv_mpu.o
    0x080067fc   0x000000bc   Code   RO         5116    i.mpu_set_sample_rate  inv_mpu.o
    0x080068b8   0x00000184   Code   RO         5117    i.mpu_set_sensors   inv_mpu.o
    0x08006a3c   0x0000007c   Code   RO         5118    i.mpu_write_mem     inv_mpu.o
    0x08006ab8   0x0000000c   Code   RO         4141    i.port_set_deca_isr  dw1000.o
    0x08006ac4   0x00000006   Code   RO         4831    i.read_addr         usmart.o
    0x08006aca   0x00000002   PAD
    0x08006acc   0x0000005c   Code   RO         4092    i.readfromspi       deca_spi.o
    0x08006b28   0x00000048   Code   RO         4142    i.reset_DW1000      dw1000.o
    0x08006b70   0x0000000c   Code   RO         3969    i.rx_err_cb         deca_callback.o
    0x08006b7c   0x00000084   Code   RO         3970    i.rx_ok_cb          deca_callback.o
    0x08006c00   0x0000000c   Code   RO         3971    i.rx_to_cb          deca_callback.o
    0x08006c0c   0x000000ac   Code   RO         5119    i.set_int_enable    inv_mpu.o
    0x08006cb8   0x00000284   Code   RO         5120    i.setup_compass     inv_mpu.o
    0x08006f3c   0x000001cc   Code   RO         3660    i.sysconfig_init    main.o
    0x08007108   0x0000010c   Code   RO         3886    i.testI2C           testing.o
    0x08007214   0x0000000c   Code   RO         3972    i.tx_conf_cb        deca_callback.o
    0x08007220   0x0000002c   Code   RO         3887    i.unlockflash       testing.o
    0x0800724c   0x000000b4   Code   RO         4832    i.usmart_cmd_rec    usmart.o
    0x08007300   0x000002fc   Code   RO         4833    i.usmart_exe        usmart.o
    0x080075fc   0x000000d6   Code   RO         4932    i.usmart_get_aparm  usmart_str.o
    0x080076d2   0x00000036   Code   RO         4933    i.usmart_get_cmdname  usmart_str.o
    0x08007708   0x000001d8   Code   RO         4934    i.usmart_get_fname  usmart_str.o
    0x080078e0   0x00000110   Code   RO         4935    i.usmart_get_fparam  usmart_str.o
    0x080079f0   0x00000020   Code   RO         4936    i.usmart_get_parmpos  usmart_str.o
    0x08007a10   0x00000038   Code   RO         4834    i.usmart_get_runtime  usmart.o
    0x08007a48   0x0000000c   Code   RO         4835    i.usmart_init       usmart.o
    0x08007a54   0x0000001a   Code   RO         4937    i.usmart_pow        usmart_str.o
    0x08007a6e   0x00000002   PAD
    0x08007a70   0x00000028   Code   RO         4836    i.usmart_reset_runtime  usmart.o
    0x08007a98   0x000000cc   Code   RO         4837    i.usmart_scan       usmart.o
    0x08007b64   0x00000016   Code   RO         4938    i.usmart_search_nextc  usmart_str.o
    0x08007b7a   0x000000d0   Code   RO         4939    i.usmart_str2num    usmart_str.o
    0x08007c4a   0x00000024   Code   RO         4940    i.usmart_strcmp     usmart_str.o
    0x08007c6e   0x00000018   Code   RO         4941    i.usmart_strcopy    usmart_str.o
    0x08007c86   0x0000001a   Code   RO         4942    i.usmart_strlen     usmart_str.o
    0x08007ca0   0x000006f4   Code   RO         4838    i.usmart_sys_cmd_exe  usmart.o
    0x08008394   0x00000004   Code   RO         4839    i.write_addr        usmart.o
    0x08008398   0x00000070   Code   RO         4093    i.writetospi        deca_spi.o
    0x08008408   0x00000018   Data   RO         3387    .constdata          system_stm32f0xx.o
    0x08008420   0x000000ae   Data   RO         4735    .constdata          deca_params_init.o
    0x080084ce   0x0000000a   Data   RO         4759    .constdata          rf24l01.o
    0x080084d8   0x00000022   Data   RO         5018    .constdata          mpu9250.o
    0x080084fa   0x00000002   PAD
    0x080084fc   0x00000268   Data   RO         5121    .constdata          inv_mpu.o
    0x08008764   0x00000028   Data   RO         4840    .conststring        usmart.o
    0x0800878c   0x00000110   Data   RO         4907    .conststring        usmart_config.o
    0x0800889c   0x00000020   Data   RO         6103    Region$$Table       anon$$obj.o


    Execution Region RW_IRAM1 (Base: 0x20000000, Size: 0x00000e98, Max: 0x00004000, ABSOLUTE, COMPRESSED[0x00000104])

    Base Addr    Size         Type   Attr      Idx    E Section Name        Object

    0x20000000   0x00000004   Data   RW         2049    .data               stm32f0xx_hal.o
    0x20000004   0x00000004   Data   RW         3388    .data               system_stm32f0xx.o
    0x20000008   0x000000c8   Data   RW         3663    .data               main.o
    0x200000d0   0x00000004   Data   RW         3838    .data               delay.o
    0x200000d4   0x00000006   Data   RW         3889    .data               testing.o
    0x200000da   0x00000006   PAD
    0x200000e0   0x00000015   Data   RW         3974    .data               deca_callback.o
    0x200000f5   0x00000003   PAD
    0x200000f8   0x00000004   Data   RW         4143    .data               dw1000.o
    0x200000fc   0x00000002   Data   RW         4760    .data               rf24l01.o
    0x200000fe   0x00000002   PAD
    0x20000100   0x0000001c   Data   RW         4841    .data               usmart.o
    0x2000011c   0x0000013c   Data   RW         4908    .data               usmart_config.o
    0x20000258   0x00000038   Data   RW         5122    .data               inv_mpu.o
    0x20000290   0x00000004   Data   RW         6074    .data               mc_p.l(stdout.o)
    0x20000294   0x00000004   Data   RW         6081    .data               mc_p.l(mvars.o)
    0x20000298   0x00000004   Data   RW         6082    .data               mc_p.l(mvars.o)
    0x2000029c   0x0000035c   Zero   RW         3661    .bss                main.o
    0x200005f8   0x00000028   Zero   RW         3888    .bss                testing.o
    0x20000620   0x0000002d   Zero   RW         3973    .bss                deca_callback.o
    0x2000064d   0x00000003   PAD
    0x20000650   0x00000038   Zero   RW         4280    .bss                deca_device.o
    0x20000688   0x00000010   Zero   RW         5430    .bss                inv_mpu_dmp_motion_driver.o
    0x20000698   0x00000400   Zero   RW         3417    HEAP                startup_stm32f072xb.o
    0x20000a98   0x00000400   Zero   RW         3416    STACK               startup_stm32f072xb.o


==============================================================================

Image component sizes


      Code (inc. data)   RO Data    RW Data    ZI Data      Debug   Object Name

       168         24          0         21         45       8598   deca_callback.o
      3132        158          0          0         56      26217   deca_device.o
        14          0          0          0          0        993   deca_mutex.o
         0          0        174          0          0       1932   deca_params_init.o
        12          0          0          0          0        537   deca_sleep.o
       204         18          0          0          0       1899   deca_spi.o
       264         38          0          4          0       2331   delay.o
        84         12          0          4          0       1847   dw1000.o
       700         68          0          0          0       5540   i2c.o
      3816         86        616         56          0      17754   inv_mpu.o
       724         14          0          0         16       7393   inv_mpu_dmp_motion_driver.o
      2062        470          0        200        860      13543   main.o
       304         18         34          0          0       3879   mpu9250.o
       444         28         10          2          0       4198   rf24l01.o
        28          8        192          0       2048        596   startup_stm32f072xb.o
        98         14          0          4          0       3055   stm32f0xx_hal.o
       264         30          0          0          0      10507   stm32f0xx_hal_cortex.o
       538         28          0          0          0       2891   stm32f0xx_hal_gpio.o
       500         58          0          0          0       3833   stm32f0xx_hal_msp.o
      2322        104          0          0          0       6076   stm32f0xx_hal_rcc.o
       420         14          0          0          0       1520   stm32f0xx_hal_rcc_ex.o
       974         16          0          0          0       5354   stm32f0xx_hal_rtc.o
       394         14          0          0          0       2505   stm32f0xx_hal_rtc_ex.o
      2872         40          0          0          0       8094   stm32f0xx_hal_spi.o
        46          0          0          0          0       1104   stm32f0xx_hal_spi_ex.o
       742         24          0          0          0     519791   stm32f0xx_hal_tim.o
         4          0          0          0          0       1518   stm32f0xx_hal_tim_ex.o
      2414         48          0          0          0       9947   stm32f0xx_hal_uart.o
         2          0          0          0          0        932   stm32f0xx_hal_uart_ex.o
       720        150          0          0          0       9634   stm32f0xx_it.o
       120         18         24          4          0       1371   system_stm32f0xx.o
       602        188          0          6         40       7709   testing.o
      3046       1330         40         28          0       6666   usmart.o
         0          0        272        316          0       1684   usmart_config.o
      1386         22          0          0          0       8665   usmart_str.o

    ----------------------------------------------------------------------
     29452       3040       1396        656       3068     710113   Object Totals
         0          0         32          0          0          0   (incl. Generated)
        32          0          2         11          3          0   (incl. Padding)

    ----------------------------------------------------------------------

      Code (inc. data)   RO Data    RW Data    ZI Data      Debug   Library Member Name

        86          0          0          0          0          0   __dczerorl2.o
         0          0          0          0          0          0   entry.o
         0          0          0          0          0          0   entry10a.o
         0          0          0          0          0          0   entry11a.o
         8          4          0          0          0          0   entry2.o
         4          0          0          0          0          0   entry5.o
         0          0          0          0          0          0   entry7b.o
         0          0          0          0          0          0   entry8b.o
         8          4          0          0          0          0   entry9a.o
        30          0          0          0          0          0   handlers.o
        40          0          0          0          0         72   idiv.o
        36          8          0          0          0         68   init.o
         0          0          0          0          0          0   iusefp.o
       122          0          0          0          0         84   llmul.o
        32          0          0          0          0         68   llshl.o
        38          0          0          0          0         68   llsshr.o
        34          0          0          0          0         68   llushr.o
       108         16          0          0          0         76   malloc.o
        36          0          0          0          0         60   memcpya.o
        36          0          0          0          0        100   memseta.o
         0          0          0          8          0          0   mvars.o
      2224         98          0          0          0        412   printfa.o
         0          0          0          4          0          0   stdout.o
        44          0          0          0          0         72   uidiv.o
        96          0          0          0          0         84   uldiv.o
        40          2          0          0          0         68   cdrcmple.o
       356          4          0          0          0        140   dadd.o
       240          6          0          0          0         84   ddiv.o
       236          0          0          0          0        216   depilogue.o
        64         10          0          0          0         68   dfixul.o
        28          4          0          0          0         68   dfltui.o
       208          6          0          0          0         88   dmul.o

    ----------------------------------------------------------------------
      4156        162          0         12          0       1964   Library Totals
         2          0          0          0          0          0   (incl. Padding)

    ----------------------------------------------------------------------

      Code (inc. data)   RO Data    RW Data    ZI Data      Debug   Library Name

      2982        130          0         12          0       1232   mc_p.l
      1172         32          0          0          0        732   mf_p.l

    ----------------------------------------------------------------------
      4156        162          0         12          0       1964   Library Totals

    ----------------------------------------------------------------------

==============================================================================


      Code (inc. data)   RO Data    RW Data    ZI Data      Debug   

     33608       3202       1396        668       3068     702041   Grand Totals
     33608       3202       1396        260       3068     702041   ELF Image Totals (compressed)
     33608       3202       1396        260          0          0   ROM Totals

==============================================================================

    Total RO  Size (Code + RO Data)                35004 (  34.18kB)
    Total RW  Size (RW Data + ZI Data)              3736 (   3.65kB)
    Total ROM Size (Code + RO Data + RW Data)      35264 (  34.44kB)

==============================================================================

